Archive member included to satisfy reference by file (symbol)

app/libapp.a(main.c.obj)      (--whole-archive)
app/libapp.a(io.c.obj)        (--whole-archive)
app/libapp.a(flash_map_extended.c.obj)
                              (--whole-archive)
app/libapp.a(os.c.obj)        (--whole-archive)
app/libapp.a(keys.c.obj)      (--whole-archive)
app/libapp.a(image_validate.c.obj)
                              (--whole-archive)
app/libapp.a(tlv.c.obj)       (--whole-archive)
app/libapp.a(encrypted.c.obj)
                              (--whole-archive)
app/libapp.a(image_rsa.c.obj)
                              (--whole-archive)
app/libapp.a(image_ecdsa.c.obj)
                              (--whole-archive)
app/libapp.a(image_ed25519.c.obj)
                              (--whole-archive)
app/libapp.a(bootutil_misc.c.obj)
                              (--whole-archive)
app/libapp.a(fault_injection_hardening.c.obj)
                              (--whole-archive)
app/libapp.a(loader.c.obj)    (--whole-archive)
app/libapp.a(swap_misc.c.obj)
                              (--whole-archive)
app/libapp.a(caps.c.obj)      (--whole-archive)
app/libapp.a(swap_move.c.obj)
                              (--whole-archive)
app/libapp.a(autogen-pubkey.c.obj)
                              (--whole-archive)
app/libapp.a(arm_cleanup.c.obj)
                              (--whole-archive)
app/libapp.a(flash_check.c.obj)
                              (--whole-archive)
zephyr/libzephyr.a(heap.c.obj)
                              (--whole-archive)
zephyr/libzephyr.a(cbprintf_packaged.c.obj)
                              (--whole-archive)
zephyr/libzephyr.a(printk.c.obj)
                              (--whole-archive)
zephyr/libzephyr.a(sem.c.obj)
                              (--whole-archive)
zephyr/libzephyr.a(thread_entry.c.obj)
                              (--whole-archive)
zephyr/libzephyr.a(cbprintf_nano.c.obj)
                              (--whole-archive)
zephyr/libzephyr.a(cbprintf.c.obj)
                              (--whole-archive)
zephyr/libzephyr.a(assert.c.obj)
                              (--whole-archive)
zephyr/libzephyr.a(dec.c.obj)
                              (--whole-archive)
zephyr/libzephyr.a(hex.c.obj)
                              (--whole-archive)
zephyr/libzephyr.a(rb.c.obj)  (--whole-archive)
zephyr/libzephyr.a(timeutil.c.obj)
                              (--whole-archive)
zephyr/libzephyr.a(bitarray.c.obj)
                              (--whole-archive)
zephyr/libzephyr.a(onoff.c.obj)
                              (--whole-archive)
zephyr/libzephyr.a(notify.c.obj)
                              (--whole-archive)
zephyr/libzephyr.a(configs.c.obj)
                              (--whole-archive)
zephyr/libzephyr.a(log_minimal.c.obj)
                              (--whole-archive)
zephyr/libzephyr.a(mem_attr.c.obj)
                              (--whole-archive)
zephyr/libzephyr.a(flash_map.c.obj)
                              (--whole-archive)
zephyr/libzephyr.a(flash_map_default.c.obj)
                              (--whole-archive)
zephyr/libzephyr.a(flash_map_layout.c.obj)
                              (--whole-archive)
zephyr/libzephyr.a(tracing_none.c.obj)
                              (--whole-archive)
zephyr/libzephyr.a(flash_util.c.obj)
                              (--whole-archive)
zephyr/libzephyr.a(banner.c.obj)
                              (--whole-archive)
zephyr/arch/common/libarch__common.a(sw_isr_common.c.obj)
                              (--whole-archive)
zephyr/arch/arch/arm/core/libarch__arm__core.a(fatal.c.obj)
                              (--whole-archive)
zephyr/arch/arch/arm/core/libarch__arm__core.a(nmi.c.obj)
                              (--whole-archive)
zephyr/arch/arch/arm/core/libarch__arm__core.a(nmi_on_reset.S.obj)
                              (--whole-archive)
zephyr/arch/arch/arm/core/cortex_m/libarch__arm__core__cortex_m.a(exc_exit.c.obj)
                              (--whole-archive)
zephyr/arch/arch/arm/core/cortex_m/libarch__arm__core__cortex_m.a(fault.c.obj)
                              (--whole-archive)
zephyr/arch/arch/arm/core/cortex_m/libarch__arm__core__cortex_m.a(fault_s.S.obj)
                              (--whole-archive)
zephyr/arch/arch/arm/core/cortex_m/libarch__arm__core__cortex_m.a(fpu.c.obj)
                              (--whole-archive)
zephyr/arch/arch/arm/core/cortex_m/libarch__arm__core__cortex_m.a(reset.S.obj)
                              (--whole-archive)
zephyr/arch/arch/arm/core/cortex_m/libarch__arm__core__cortex_m.a(scb.c.obj)
                              (--whole-archive)
zephyr/arch/arch/arm/core/cortex_m/libarch__arm__core__cortex_m.a(thread_abort.c.obj)
                              (--whole-archive)
zephyr/arch/arch/arm/core/cortex_m/libarch__arm__core__cortex_m.a(vector_table.S.obj)
                              (--whole-archive)
zephyr/arch/arch/arm/core/cortex_m/libarch__arm__core__cortex_m.a(swap_helper.S.obj)
[...]
Memory Configuration

Name             Origin             Length             Attributes
FLASH            0x0000000000000000 0x000000000000c000 xr
RAM              0x0000000020000000 0x0000000000040000 xw
IDT_LIST         0x00000000ffff7fff 0x0000000000008000 xw
*default*        0x0000000000000000 0xffffffffffffffff

Linker script and memory map

LOAD zephyr/CMakeFiles/zephyr_final.dir/misc/empty_file.c.obj
LOAD zephyr/CMakeFiles/zephyr_final.dir/isr_tables.c.obj
LOAD zephyr/CMakeFiles/offsets.dir/./arch/arm/core/offsets/offsets.c.obj
LOAD app/libapp.a
LOAD zephyr/libzephyr.a
LOAD zephyr/arch/common/libarch__common.a
LOAD zephyr/arch/arch/arm/core/libarch__arm__core.a
LOAD zephyr/arch/arch/arm/core/cortex_m/libarch__arm__core__cortex_m.a
LOAD zephyr/arch/arch/arm/core/mpu/libarch__arm__core__mpu.a
LOAD zephyr/lib/libc/minimal/liblib__libc__minimal.a
LOAD zephyr/lib/libc/common/liblib__libc__common.a
LOAD zephyr/soc/soc/nrf52840/libsoc__nordic.a
LOAD zephyr/drivers/clock_control/libdrivers__clock_control.a
LOAD zephyr/drivers/console/libdrivers__console.a
LOAD zephyr/drivers/flash/libdrivers__flash.a
LOAD zephyr/drivers/gpio/libdrivers__gpio.a
LOAD zephyr/drivers/pinctrl/libdrivers__pinctrl.a
LOAD zephyr/drivers/serial/libdrivers__serial.a
LOAD zephyr/drivers/timer/libdrivers__timer.a
LOAD modules/hal_nordic/nrfx/libmodules__hal_nordic__nrfx.a
LOAD modules/mbedtls/libmbedTLSBase.a
LOAD modules/mbedtls/libmbedTLSCrypto.a
LOAD modules/mbedtls/libmbedTLSX509.a
LOAD modules/mbedtls/libmodules__mbedtls.a
LOAD modules/mcuboot/libmcuboot_util.a
LOAD zephyr/kernel/libkernel.a
LOAD zephyr/arch/common/libisr_tables.a
LOAD modules/mbedtls/libmbedTLSBase.a
LOAD modules/mbedtls/libmbedTLSCrypto.a
LOAD modules/mbedtls/libmbedTLSX509.a
LOAD c:/users/brian/zephyr-sdk-0.17.4/arm-zephyr-eabi/bin/../lib/gcc/arm-zephyr-eabi/12.2.0/thumb/v7e-m/nofp\libgcc.a
                0x0000000000000020                _region_min_align = 0x20

.rel.plt        0x0000000000000000        0x0
 *(SORT_BY_ALIGNMENT(.rel.plt))
                [!provide]                        PROVIDE (__rel_iplt_start = .)
 *(SORT_BY_ALIGNMENT(.rel.iplt))
 .rel.iplt      0x0000000000000000        0x0 zephyr/CMakeFiles/zephyr_final.dir/isr_tables.c.obj
                [!provide]                        PROVIDE (__rel_iplt_end = .)

.rela.plt       0x0000000000000000        0x0
 *(SORT_BY_ALIGNMENT(.rela.plt))
                [!provide]                        PROVIDE (__rela_iplt_start = .)
 *(SORT_BY_ALIGNMENT(.rela.iplt))
                [!provide]                        PROVIDE (__rela_iplt_end = .)

.rel.dyn
 *(SORT_BY_ALIGNMENT(.rel.*))

.rela.dyn
 *(SORT_BY_ALIGNMENT(.rela.*))

/DISCARD/
 *(SORT_BY_ALIGNMENT(.plt))

/DISCARD/
 *(SORT_BY_ALIGNMENT(.iplt))
                0x0000000000000000                __rom_region_start = 0x0

rom_start       0x0000000000000000      0x100
                0x0000000000000000                __rom_start_address = .
 FILL mask 0x00
                0x0000000000000000                . = (. + (0x0 - (. - __rom_start_address)))
                0x0000000000000000                . = ALIGN (0x4)
                0x0000000000000000                . = ALIGN (0x80)
                0x0000000000000000                . = ALIGN (0x100)
                0x0000000000000000                _vector_start = .
 *(SORT_BY_ALIGNMENT(.exc_vector_table))
 *(SORT_BY_ALIGNMENT(.exc_vector_table.*))
 .exc_vector_table._vector_table_section
                0x0000000000000000       0x40 zephyr/arch/arch/arm/core/cortex_m/libarch__arm__core__cortex_m.a(vector_table.S.obj)
                0x0000000000000000                _vector_table
 *(SORT_BY_ALIGNMENT(.vectors))
                0x0000000000000100                _vector_end = .
                0x0000000000000040                . = ALIGN (0x4)
 *(SORT_BY_ALIGNMENT(.gnu.linkonce.irq_vector_table*))
 .gnu.linkonce.irq_vector_table
                0x0000000000000040       0xc0 zephyr/CMakeFiles/zephyr_final.dir/isr_tables.c.obj
                0x0000000000000040                _irq_vector_table
                0x0000000000000100                _vector_end = .

text            0x0000000000000100     0x7ea4
                0x0000000000000100                __text_region_start = .
 *(SORT_BY_ALIGNMENT(.text))
 .text          0x0000000000000100       0x30 c:/users/brian/zephyr-sdk-0.17.4/arm-zephyr-eabi/bin/../lib/gcc/arm-zephyr-eabi/12.2.0/thumb/v7e-m/nofp\libgcc.a(_aeabi_uldivmod.o)
                0x0000000000000100                __aeabi_uldivmod
 .text          0x0000000000000130        0x4 c:/users/brian/zephyr-sdk-0.17.4/arm-zephyr-eabi/bin/../lib/gcc/arm-zephyr-eabi/12.2.0/thumb/v7e-m/nofp\libgcc.a(_dvmd_tls.o)
                0x0000000000000130                __aeabi_idiv0
                0x0000000000000130                __aeabi_ldiv0
 .text          0x0000000000000134      0x2a0 c:/users/brian/zephyr-sdk-0.17.4/arm-zephyr-eabi/bin/../lib/gcc/arm-zephyr-eabi/12.2.0/thumb/v7e-m/nofp\libgcc.a(_udivmoddi4.o)
                0x0000000000000134                __udivmoddi4
 *(SORT_BY_ALIGNMENT(.text.*))
 .text.main     0x00000000000003d4       0xec app/libapp.a(main.c.obj)
                0x00000000000003d4                main
 .text.flash_area_id_from_multi_image_slot
                0x00000000000004c0       0x24 app/libapp.a(flash_map_extended.c.obj)
                0x00000000000004c0                flash_area_id_from_multi_image_slot
 .text.os_heap_init
                0x00000000000004e4       0x10 app/libapp.a(os.c.obj)
                0x00000000000004e4                os_heap_init
 .text.bootutil_img_validate
                0x00000000000004f4      0x218 app/libapp.a(image_validate.c.obj)
                0x00000000000004f4                bootutil_img_validate
 .text.bootutil_cmp_rsasig
                0x000000000000070c      0x12c app/libapp.a(image_rsa.c.obj)
 .text.bootutil_verify_sig
                0x0000000000000838       0xd0 app/libapp.a(image_rsa.c.obj)
                0x0000000000000838                bootutil_verify_sig
 .text.boot_status_entries
                0x0000000000000908       0x2c app/libapp.a(bootutil_misc.c.obj)
                0x0000000000000908                boot_status_entries
 .text.boot_find_status
                0x0000000000000934       0x48 app/libapp.a(bootutil_misc.c.obj)
                0x0000000000000934                boot_find_status
 .text.bootutil_max_image_size
                0x000000000000097c       0x2c app/libapp.a(bootutil_misc.c.obj)
                0x000000000000097c                bootutil_max_image_size
 .text.boot_validate_slot.constprop.0
                0x00000000000009a8      0x154 app/libapp.a(loader.c.obj)
 .text.boot_swap_image.isra.0
                0x0000000000000afc       0x88 app/libapp.a(loader.c.obj)
 .text.boot_copy_region
                0x0000000000000b84       0x84 app/libapp.a(loader.c.obj)
                0x0000000000000b84                boot_copy_region
 .text.context_boot_go
                0x0000000000000c08      0x294 app/libapp.a(loader.c.obj)
                0x0000000000000c08                context_boot_go
 .text.boot_go  0x0000000000000e9c       0x20 app/libapp.a(loader.c.obj)
                0x0000000000000e9c                boot_go
 .text.swap_set_copy_done
                0x0000000000000ebc       0x2c app/libapp.a(swap_misc.c.obj)
                0x0000000000000ebc                swap_set_copy_done
 .text.swap_set_image_ok
                0x0000000000000ee8       0x44 app/libapp.a(swap_misc.c.obj)
                0x0000000000000ee8                swap_set_image_ok
 .text.boot_read_image_header
                0x0000000000000f2c       0xcc app/libapp.a(swap_move.c.obj)
                0x0000000000000f2c                boot_read_image_header
 .text.swap_read_status_bytes
                0x0000000000000ff8       0xc8 app/libapp.a(swap_move.c.obj)
                0x0000000000000ff8                swap_read_status_bytes
 .text.boot_slots_compatible
                0x00000000000010c0       0x88 app/libapp.a(swap_move.c.obj)
                0x00000000000010c0                boot_slots_compatible
 .text.swap_status_source
                0x0000000000001148       0xcc app/libapp.a(swap_move.c.obj)
                0x0000000000001148                swap_status_source
 .text.fixup_revert
                0x0000000000001214       0x98 app/libapp.a(swap_move.c.obj)
                0x0000000000001214                fixup_revert
 .text.swap_run
                0x00000000000012ac      0x1f0 app/libapp.a(swap_move.c.obj)
                0x00000000000012ac                swap_run
 .text.cleanup_arm_nvic
                0x000000000000149c       0x54 app/libapp.a(arm_cleanup.c.obj)
                0x000000000000149c                cleanup_arm_nvic
 .text.char_out
                0x00000000000014f0        0xc zephyr/libzephyr.a(printk.c.obj)
 .text.__printk_hook_install
                0x00000000000014fc        0xc zephyr/libzephyr.a(printk.c.obj)
                0x00000000000014fc                __printk_hook_install
 .text.vprintk  0x0000000000001508       0x1c zephyr/libzephyr.a(printk.c.obj)
                0x0000000000001508                vprintk
 .text.z_cbvprintf_impl
                0x0000000000001524      0x444 zephyr/libzephyr.a(cbprintf_nano.c.obj)
                0x0000000000001524                z_cbvprintf_impl
 .text.process_event
                0x0000000000001968      0x21c zephyr/libzephyr.a(onoff.c.obj)
 .text.mem_attr_get_regions
                0x0000000000001b84        0xc zephyr/libzephyr.a(mem_attr.c.obj)
                0x0000000000001b84                mem_attr_get_regions
 .text.flash_area_open
                0x0000000000001b90       0x4c zephyr/libzephyr.a(flash_map.c.obj)
                0x0000000000001b90                flash_area_open
 .text.flash_area_sectors
                0x0000000000001bdc       0x34 zephyr/libzephyr.a(flash_map_layout.c.obj)
                0x0000000000001bdc                flash_area_sectors
 .text.boot_banner
                0x0000000000001c10       0x1c zephyr/libzephyr.a(banner.c.obj)
                0x0000000000001c10                boot_banner
 .text.z_SysNmiOnReset
                0x0000000000001c2c        0x8 zephyr/arch/arch/arm/core/libarch__arm__core.a(nmi_on_reset.S.obj)
                0x0000000000001c2c                z_SysNmiOnReset
 .text.mem_manage_fault
                0x0000000000001c34       0xa0 zephyr/arch/arch/arm/core/cortex_m/libarch__arm__core__cortex_m.a(fault.c.obj)
 .text.usage_fault.constprop.0
                0x0000000000001cd4       0x54 zephyr/arch/arch/arm/core/cortex_m/libarch__arm__core__cortex_m.a(fault.c.obj)
 .text.bus_fault.constprop.0
                0x0000000000001d28       0x6c zephyr/arch/arch/arm/core/cortex_m/libarch__arm__core__cortex_m.a(fault.c.obj)
 .text.z_arm_fault
                0x0000000000001d94      0x11c zephyr/arch/arch/arm/core/cortex_m/libarch__arm__core__cortex_m.a(fault.c.obj)
                0x0000000000001d94                z_arm_fault
 .text.z_arm_fault_init
                0x0000000000001eb0       0x18 zephyr/arch/arch/arm/core/cortex_m/libarch__arm__core__cortex_m.a(fault.c.obj)
                0x0000000000001eb0                z_arm_fault_init
 .text.__fault  0x0000000000001ec8       0x14 zephyr/arch/arch/arm/core/cortex_m/libarch__arm__core__cortex_m.a(fault_s.S.obj)
                0x0000000000001ec8                z_arm_usage_fault
                0x0000000000001ec8                z_arm_mpu_fault
                0x0000000000001ec8                z_arm_exc_spurious
                0x0000000000001ec8                z_arm_debug_monitor
                0x0000000000001ec8                z_arm_hard_fault
                0x0000000000001ec8                z_arm_bus_fault
 .text._reset_section
                0x0000000000001edc       0x30 zephyr/arch/arch/arm/core/cortex_m/libarch__arm__core__cortex_m.a(reset.S.obj)
                0x0000000000001edc                __start
                0x0000000000001edc                z_arm_reset
 .text.z_arm_clear_arm_mpu_config
                0x0000000000001f0c       0x24 zephyr/arch/arch/arm/core/cortex_m/libarch__arm__core__cortex_m.a(scb.c.obj)
                0x0000000000001f0c                z_arm_clear_arm_mpu_config
 .text.z_arm_svc
                0x0000000000001f30       0x24 zephyr/arch/arch/arm/core/cortex_m/libarch__arm__core__cortex_m.a(swap_helper.S.obj)
                0x0000000000001f30                z_arm_svc
 .text.arch_irq_enable
                0x0000000000001f54       0x1c zephyr/arch/arch/arm/core/cortex_m/libarch__arm__core__cortex_m.a(irq_manage.c.obj)
                0x0000000000001f54                arch_irq_enable
 .text.arch_irq_disable
                0x0000000000001f70       0x28 zephyr/arch/arch/arm/core/cortex_m/libarch__arm__core__cortex_m.a(irq_manage.c.obj)
                0x0000000000001f70                arch_irq_disable
 .text.arch_irq_is_enabled
                0x0000000000001f98       0x1c zephyr/arch/arch/arm/core/cortex_m/libarch__arm__core__cortex_m.a(irq_manage.c.obj)
                0x0000000000001f98                arch_irq_is_enabled
 .text.z_arm_irq_priority_set
                0x0000000000001fb4       0x30 zephyr/arch/arch/arm/core/cortex_m/libarch__arm__core__cortex_m.a(irq_manage.c.obj)
                0x0000000000001fb4                z_arm_irq_priority_set
 .text.z_prep_c
                0x0000000000001fe4       0x48 zephyr/arch/arch/arm/core/cortex_m/libarch__arm__core__cortex_m.a(prep_c.c.obj)
                0x0000000000001fe4                z_prep_c
 .text.z_check_thread_stack_fail
                0x000000000000202c       0x2c zephyr/arch/arch/arm/core/cortex_m/libarch__arm__core__cortex_m.a(thread.c.obj)
                0x000000000000202c                z_check_thread_stack_fail
 .text.z_arm_switch_to_main_no_multithreading
                0x0000000000002058       0x30 zephyr/arch/arch/arm/core/cortex_m/libarch__arm__core__cortex_m.a(thread.c.obj)
                0x0000000000002058                z_arm_switch_to_main_no_multithreading
 .text.z_arm_cpu_idle_init
                0x0000000000002088        0xc zephyr/arch/arch/arm/core/cortex_m/libarch__arm__core__cortex_m.a(cpu_idle.c.obj)
                0x0000000000002088                z_arm_cpu_idle_init
 .text.z_arm_interrupt_init
                0x0000000000002094       0x18 zephyr/arch/arch/arm/core/cortex_m/libarch__arm__core__cortex_m.a(irq_init.c.obj)
                0x0000000000002094                z_arm_interrupt_init
 .text._isr_wrapper
                0x00000000000020ac       0x24 zephyr/arch/arch/arm/core/cortex_m/libarch__arm__core__cortex_m.a(isr_wrapper.c.obj)
                0x00000000000020ac                _isr_wrapper
 .text.z_arm_configure_static_mpu_regions
                0x00000000000020d0       0x18 zephyr/arch/arch/arm/core/mpu/libarch__arm__core__mpu.a(arm_core_mpu.c.obj)
                0x00000000000020d0                z_arm_configure_static_mpu_regions
 .text.region_init
                0x00000000000020e8       0x28 zephyr/arch/arch/arm/core/mpu/libarch__arm__core__mpu.a(arm_mpu.c.obj)
 .text.mpu_configure_regions
                0x0000000000002110       0x6c zephyr/arch/arch/arm/core/mpu/libarch__arm__core__mpu.a(arm_mpu.c.obj)
 .text.arm_core_mpu_enable
                0x000000000000217c       0x18 zephyr/arch/arch/arm/core/mpu/libarch__arm__core__mpu.a(arm_mpu.c.obj)
                0x000000000000217c                arm_core_mpu_enable
 .text.arm_core_mpu_disable
                0x0000000000002194       0x14 zephyr/arch/arch/arm/core/mpu/libarch__arm__core__mpu.a(arm_mpu.c.obj)
                0x0000000000002194                arm_core_mpu_disable
 .text.arm_core_mpu_configure_static_mpu_regions
                0x00000000000021a8       0x14 zephyr/arch/arch/arm/core/mpu/libarch__arm__core__mpu.a(arm_mpu.c.obj)
                0x00000000000021a8                arm_core_mpu_configure_static_mpu_regions
 .text.z_arm_mpu_init
                0x00000000000021bc      0x168 zephyr/arch/arch/arm/core/mpu/libarch__arm__core__mpu.a(arm_mpu.c.obj)
                0x00000000000021bc                z_arm_mpu_init
 .text._exit    0x0000000000002324       0x10 zephyr/lib/libc/minimal/liblib__libc__minimal.a(exit.c.obj)
                0x0000000000002324                _exit
 .text.__stdout_hook_install
                0x0000000000002334        0xc zephyr/lib/libc/minimal/liblib__libc__minimal.a(stdout_console.c.obj)
                0x0000000000002334                __stdout_hook_install
 .text.nordicsemi_nrf52_init
                0x0000000000002340       0x44 zephyr/soc/soc/nrf52840/libsoc__nordic.a(soc.c.obj)
 .text.arch_busy_wait
                0x0000000000002384       0x14 zephyr/soc/soc/nrf52840/libsoc__nordic.a(soc.c.obj)
                0x0000000000002384                arch_busy_wait
 .text.onoff_stop
                0x0000000000002398       0x30 zephyr/drivers/clock_control/libdrivers__clock_control.a(clock_control_nrf.c.obj)
 .text.onoff_start
                0x00000000000023c8       0x44 zephyr/drivers/clock_control/libdrivers__clock_control.a(clock_control_nrf.c.obj)
 .text.generic_hfclk_stop
                0x000000000000240c       0x34 zephyr/drivers/clock_control/libdrivers__clock_control.a(clock_control_nrf.c.obj)
 .text.clk_init
                0x0000000000002440       0x58 zephyr/drivers/clock_control/libdrivers__clock_control.a(clock_control_nrf.c.obj)
 .text.clkstarted_handle.constprop.0
                0x0000000000002498       0x4c zephyr/drivers/clock_control/libdrivers__clock_control.a(clock_control_nrf.c.obj)
 .text.generic_hfclk_start
                0x00000000000024e4       0x78 zephyr/drivers/clock_control/libdrivers__clock_control.a(clock_control_nrf.c.obj)
 .text.clock_event_handler
                0x000000000000255c       0x1c zephyr/drivers/clock_control/libdrivers__clock_control.a(clock_control_nrf.c.obj)
 .text.z_nrf_clock_control_lf_on
                0x0000000000002578       0xf4 zephyr/drivers/clock_control/libdrivers__clock_control.a(clock_control_nrf.c.obj)
                0x0000000000002578                z_nrf_clock_control_lf_on
 .text.uart_console_init
                0x000000000000266c       0x28 zephyr/drivers/console/libdrivers__console.a(uart_console.c.obj)
 .text.console_out
                0x0000000000002694       0x28 zephyr/drivers/console/libdrivers__console.a(uart_console.c.obj)
 .text.qspi_get_zephyr_ret_code
                0x00000000000026bc       0x1c zephyr/drivers/flash/libdrivers__flash.a(nrf_qspi_nor.c.obj)
 .text.qspi_nor_pages_layout
                0x00000000000026d8       0x10 zephyr/drivers/flash/libdrivers__flash.a(nrf_qspi_nor.c.obj)
 .text.qspi_flash_get_parameters
                0x00000000000026e8        0x8 zephyr/drivers/flash/libdrivers__flash.a(nrf_qspi_nor.c.obj)
 .text.nrf_qspi_pins_set.constprop.0
                0x00000000000026f0       0x5c zephyr/drivers/flash/libdrivers__flash.a(nrf_qspi_nor.c.obj)
 .text.qspi_wait_for_completion.isra.0
                0x000000000000274c       0x44 zephyr/drivers/flash/libdrivers__flash.a(nrf_qspi_nor.c.obj)
 .text.qspi_nor_read
                0x0000000000002790      0x138 zephyr/drivers/flash/libdrivers__flash.a(nrf_qspi_nor.c.obj)
 .text.qspi_nor_write
                0x00000000000028c8      0x108 zephyr/drivers/flash/libdrivers__flash.a(nrf_qspi_nor.c.obj)
 .text.qspi_nor_erase
                0x00000000000029d0       0xe8 zephyr/drivers/flash/libdrivers__flash.a(nrf_qspi_nor.c.obj)
 .text.qspi_nor_init
                0x0000000000002ab8      0x1b4 zephyr/drivers/flash/libdrivers__flash.a(nrf_qspi_nor.c.obj)
 .text.flash_nrf_pages_layout
                0x0000000000002c6c       0x10 zephyr/drivers/flash/libdrivers__flash.a(soc_flash_nrf.c.obj)
 .text.flash_nrf_get_parameters
                0x0000000000002c7c        0x8 zephyr/drivers/flash/libdrivers__flash.a(soc_flash_nrf.c.obj)
 .text.nrf_flash_init
                0x0000000000002c84       0x18 zephyr/drivers/flash/libdrivers__flash.a(soc_flash_nrf.c.obj)
 .text.restore_pofwarn.part.0
                0x0000000000002c9c       0x2c zephyr/drivers/flash/libdrivers__flash.a(soc_flash_nrf.c.obj)
 .text.suspend_pofwarn
                0x0000000000002cc8       0x58 zephyr/drivers/flash/libdrivers__flash.a(soc_flash_nrf.c.obj)
 .text.flash_nrf_erase
                0x0000000000002d20       0x70 zephyr/drivers/flash/libdrivers__flash.a(soc_flash_nrf.c.obj)
 .text.flash_nrf_write
                0x0000000000002d90       0x74 zephyr/drivers/flash/libdrivers__flash.a(soc_flash_nrf.c.obj)
 .text.gpio_nrfx_pin_interrupt_configure
                0x0000000000002e04      0x100 zephyr/drivers/gpio/libdrivers__gpio.a(gpio_nrfx.c.obj)
 .text.gpio_nrfx_init
                0x0000000000002f04       0x48 zephyr/drivers/gpio/libdrivers__gpio.a(gpio_nrfx.c.obj)
 .text.nrfx_gpio_handler
                0x0000000000002f4c       0x4c zephyr/drivers/gpio/libdrivers__gpio.a(gpio_nrfx.c.obj)
 .text.gpio_nrfx_pin_configure
                0x0000000000002f98      0x18c zephyr/drivers/gpio/libdrivers__gpio.a(gpio_nrfx.c.obj)
 .text.nrf_gpio_pin_port_decode
                0x0000000000003124       0x20 zephyr/drivers/pinctrl/libdrivers__pinctrl.a(pinctrl_nrf.c.obj)
 .text.pinctrl_configure_pins
                0x0000000000003144      0x1a4 zephyr/drivers/pinctrl/libdrivers__pinctrl.a(pinctrl_nrf.c.obj)
                0x0000000000003144                pinctrl_configure_pins
 .text.uarte_nrfx_poll_out
                0x00000000000032e8       0xac zephyr/drivers/serial/libdrivers__serial.a(uart_nrfx_uarte.c.obj)
 .text.uarte_0_init
                0x0000000000003394      0x108 zephyr/drivers/serial/libdrivers__serial.a(uart_nrfx_uarte.c.obj)
 .text.compare_int_lock
                0x000000000000349c       0x48 zephyr/drivers/timer/libdrivers__timer.a(nrf_rtc_timer.c.obj)
 .text.sys_clock_timeout_handler
                0x00000000000034e4       0x48 zephyr/drivers/timer/libdrivers__timer.a(nrf_rtc_timer.c.obj)
 .text.compare_int_unlock
                0x000000000000352c       0x5c zephyr/drivers/timer/libdrivers__timer.a(nrf_rtc_timer.c.obj)
 .text.z_nrf_rtc_timer_read
                0x0000000000003588       0x44 zephyr/drivers/timer/libdrivers__timer.a(nrf_rtc_timer.c.obj)
                0x0000000000003588                z_nrf_rtc_timer_read
 .text.compare_set
                0x00000000000035cc      0x130 zephyr/drivers/timer/libdrivers__timer.a(nrf_rtc_timer.c.obj)
 .text.sys_clock_driver_init
                0x00000000000036fc       0x90 zephyr/drivers/timer/libdrivers__timer.a(nrf_rtc_timer.c.obj)
 .text.rtc_nrf_isr
                0x000000000000378c       0xd4 zephyr/drivers/timer/libdrivers__timer.a(nrf_rtc_timer.c.obj)
                0x000000000000378c                rtc_nrf_isr
 .text.sys_clock_set_timeout
                0x0000000000003860       0x5c zephyr/drivers/timer/libdrivers__timer.a(nrf_rtc_timer.c.obj)
                0x0000000000003860                sys_clock_set_timeout
 .text.sys_clock_elapsed
                0x00000000000038bc       0x14 zephyr/drivers/timer/libdrivers__timer.a(nrf_rtc_timer.c.obj)
                0x00000000000038bc                sys_clock_elapsed
 .text.sys_clock_disable
                0x00000000000038d0       0x30 zephyr/drivers/timer/libdrivers__timer.a(nrf_rtc_timer.c.obj)
                0x00000000000038d0                sys_clock_disable
 .text.nrf52_errata_98
                0x0000000000003900       0x24 modules/hal_nordic/nrfx/libmodules__hal_nordic__nrfx.a(system_nrf52840.c.obj)
 .text.nvmc_wait
                0x0000000000003924       0x10 modules/hal_nordic/nrfx/libmodules__hal_nordic__nrfx.a(system_nrf52840.c.obj)
                0x0000000000003924                nvmc_wait
 .text.SystemInit
                0x0000000000003934      0x1bc modules/hal_nordic/nrfx/libmodules__hal_nordic__nrfx.a(system_nrf52840.c.obj)
                0x0000000000003934                SystemInit
 .text.nrfx_flag32_alloc
                0x0000000000003af0       0x48 modules/hal_nordic/nrfx/libmodules__hal_nordic__nrfx.a(nrfx_flag32_allocator.c.obj)
                0x0000000000003af0                nrfx_flag32_alloc
 .text.nrfx_flag32_free
                0x0000000000003b38       0x40 modules/hal_nordic/nrfx/libmodules__hal_nordic__nrfx.a(nrfx_flag32_allocator.c.obj)
                0x0000000000003b38                nrfx_flag32_free
 .text.nrfx_gppi_channels_enable
                0x0000000000003b78        0xc modules/hal_nordic/nrfx/libmodules__hal_nordic__nrfx.a(nrfx_gppi_ppi.c.obj)
                0x0000000000003b78                nrfx_gppi_channels_enable
 .text.clock_stop
                0x0000000000003b84       0xc4 modules/hal_nordic/nrfx/libmodules__hal_nordic__nrfx.a(nrfx_clock.c.obj)
 .text.nrfx_clock_init
                0x0000000000003c48       0x20 modules/hal_nordic/nrfx/libmodules__hal_nordic__nrfx.a(nrfx_clock.c.obj)
                0x0000000000003c48                nrfx_clock_init
 .text.nrfx_clock_enable
                0x0000000000003c68       0x24 modules/hal_nordic/nrfx/libmodules__hal_nordic__nrfx.a(nrfx_clock.c.obj)
                0x0000000000003c68                nrfx_clock_enable
 .text.nrfx_clock_start
                0x0000000000003c8c       0xa8 modules/hal_nordic/nrfx/libmodules__hal_nordic__nrfx.a(nrfx_clock.c.obj)
                0x0000000000003c8c                nrfx_clock_start
 .text.nrfx_power_clock_irq_handler
                0x0000000000003d34       0x68 modules/hal_nordic/nrfx/libmodules__hal_nordic__nrfx.a(nrfx_clock.c.obj)
                0x0000000000003d34                nrfx_power_clock_irq_handler
 .text.nrf_gpio_pin_port_decode
                0x0000000000003d9c       0x20 modules/hal_nordic/nrfx/libmodules__hal_nordic__nrfx.a(nrfx_gpiote.c.obj)
 .text.get_pin_idx
                0x0000000000003dbc       0x14 modules/hal_nordic/nrfx/libmodules__hal_nordic__nrfx.a(nrfx_gpiote.c.obj)
 .text.call_handler.constprop.0
                0x0000000000003dd0       0x40 modules/hal_nordic/nrfx/libmodules__hal_nordic__nrfx.a(nrfx_gpiote.c.obj)
 .text.pin_te_get.constprop.0
                0x0000000000003e10       0x18 modules/hal_nordic/nrfx/libmodules__hal_nordic__nrfx.a(nrfx_gpiote.c.obj)
 .text.pin_is_output.constprop.0
                0x0000000000003e28       0x18 modules/hal_nordic/nrfx/libmodules__hal_nordic__nrfx.a(nrfx_gpiote.c.obj)
 .text.pin_in_use_by_te.constprop.0
                0x0000000000003e40       0x18 modules/hal_nordic/nrfx/libmodules__hal_nordic__nrfx.a(nrfx_gpiote.c.obj)
 .text.latch_pending_read_and_check
                0x0000000000003e58       0x40 modules/hal_nordic/nrfx/libmodules__hal_nordic__nrfx.a(nrfx_gpiote.c.obj)
 .text.release_handler.isra.0
                0x0000000000003e98       0x58 modules/hal_nordic/nrfx/libmodules__hal_nordic__nrfx.a(nrfx_gpiote.c.obj)
 .text.__nrfy_internal_gpiote_events_process.constprop.0
                0x0000000000003ef0       0x5c modules/hal_nordic/nrfx/libmodules__hal_nordic__nrfx.a(nrfx_gpiote.c.obj)
 .text.pin_uninit
                0x0000000000003f4c       0x80 modules/hal_nordic/nrfx/libmodules__hal_nordic__nrfx.a(nrfx_gpiote.c.obj)
 .text.nrfx_gpiote_input_configure
                0x0000000000003fcc      0x174 modules/hal_nordic/nrfx/libmodules__hal_nordic__nrfx.a(nrfx_gpiote.c.obj)
                0x0000000000003fcc                nrfx_gpiote_input_configure
 .text.nrfx_gpiote_output_configure
                0x0000000000004140       0xfc modules/hal_nordic/nrfx/libmodules__hal_nordic__nrfx.a(nrfx_gpiote.c.obj)
                0x0000000000004140                nrfx_gpiote_output_configure
 .text.nrfx_gpiote_global_callback_set
                0x000000000000423c        0xc modules/hal_nordic/nrfx/libmodules__hal_nordic__nrfx.a(nrfx_gpiote.c.obj)
                0x000000000000423c                nrfx_gpiote_global_callback_set
 .text.nrfx_gpiote_channel_get
                0x0000000000004248       0x34 modules/hal_nordic/nrfx/libmodules__hal_nordic__nrfx.a(nrfx_gpiote.c.obj)
                0x0000000000004248                nrfx_gpiote_channel_get
 .text.nrfx_gpiote_init
                0x000000000000427c       0x68 modules/hal_nordic/nrfx/libmodules__hal_nordic__nrfx.a(nrfx_gpiote.c.obj)
                0x000000000000427c                nrfx_gpiote_init
 .text.nrfx_gpiote_init_check
                0x00000000000042e4       0x14 modules/hal_nordic/nrfx/libmodules__hal_nordic__nrfx.a(nrfx_gpiote.c.obj)
                0x00000000000042e4                nrfx_gpiote_init_check
 .text.nrfx_gpiote_channel_free
                0x00000000000042f8        0xc modules/hal_nordic/nrfx/libmodules__hal_nordic__nrfx.a(nrfx_gpiote.c.obj)
                0x00000000000042f8                nrfx_gpiote_channel_free
 .text.nrfx_gpiote_channel_alloc
                0x0000000000004304        0xc modules/hal_nordic/nrfx/libmodules__hal_nordic__nrfx.a(nrfx_gpiote.c.obj)
                0x0000000000004304                nrfx_gpiote_channel_alloc
 .text.nrfx_gpiote_trigger_enable
                0x0000000000004310       0xb0 modules/hal_nordic/nrfx/libmodules__hal_nordic__nrfx.a(nrfx_gpiote.c.obj)
                0x0000000000004310                nrfx_gpiote_trigger_enable
 .text.nrfx_gpiote_0_irq_handler
                0x00000000000043c0      0x1bc modules/hal_nordic/nrfx/libmodules__hal_nordic__nrfx.a(nrfx_gpiote.c.obj)
                0x00000000000043c0                nrfx_gpiote_0_irq_handler
 .text.nvmc_word_write
                0x000000000000457c       0x18 modules/hal_nordic/nrfx/libmodules__hal_nordic__nrfx.a(nrfx_nvmc.c.obj)
 .text.nrfx_nvmc_page_erase
                0x0000000000004594       0x40 modules/hal_nordic/nrfx/libmodules__hal_nordic__nrfx.a(nrfx_nvmc.c.obj)
                0x0000000000004594                nrfx_nvmc_page_erase
 .text.nrfx_nvmc_word_write
                0x00000000000045d4       0x1c modules/hal_nordic/nrfx/libmodules__hal_nordic__nrfx.a(nrfx_nvmc.c.obj)
                0x00000000000045d4                nrfx_nvmc_word_write
 .text.nrfx_ppi_channel_alloc
                0x00000000000045f0        0xc modules/hal_nordic/nrfx/libmodules__hal_nordic__nrfx.a(nrfx_ppi.c.obj)
                0x00000000000045f0                nrfx_ppi_channel_alloc
 .text.qspi_ready_wait
                0x00000000000045fc       0x54 modules/hal_nordic/nrfx/libmodules__hal_nordic__nrfx.a(nrfx_qspi.c.obj)
 .text.qspi_activate
                0x0000000000004650       0x34 modules/hal_nordic/nrfx/libmodules__hal_nordic__nrfx.a(nrfx_qspi.c.obj)
 .text.qspi_xfer
                0x0000000000004684       0xe8 modules/hal_nordic/nrfx/libmodules__hal_nordic__nrfx.a(nrfx_qspi.c.obj)
 .text.qspi_event_xfer_handle.constprop.0
                0x000000000000476c       0x28 modules/hal_nordic/nrfx/libmodules__hal_nordic__nrfx.a(nrfx_qspi.c.obj)
 .text.nrf_gpio_cfg.constprop.0
                0x0000000000004794       0x44 modules/hal_nordic/nrfx/libmodules__hal_nordic__nrfx.a(nrfx_qspi.c.obj)
 .text.nrf_qspi_cinstrdata_get.constprop.0
                0x00000000000047d8       0x40 modules/hal_nordic/nrfx/libmodules__hal_nordic__nrfx.a(nrfx_qspi.c.obj)
 .text.nrf_qspi_cinstrdata_set.constprop.0
                0x0000000000004818       0x64 modules/hal_nordic/nrfx/libmodules__hal_nordic__nrfx.a(nrfx_qspi.c.obj)
 .text.nrf_qspi_pins_set.constprop.0
                0x000000000000487c       0x5c modules/hal_nordic/nrfx/libmodules__hal_nordic__nrfx.a(nrfx_qspi.c.obj)
 .text.qspi_deactivate
                0x00000000000048d8       0x34 modules/hal_nordic/nrfx/libmodules__hal_nordic__nrfx.a(nrfx_qspi.c.obj)
 .text.qspi_workaround_215_43_apply
                0x000000000000490c       0x70 modules/hal_nordic/nrfx/libmodules__hal_nordic__nrfx.a(nrfx_qspi.c.obj)
 .text.qspi_configure
                0x000000000000497c       0xec modules/hal_nordic/nrfx/libmodules__hal_nordic__nrfx.a(nrfx_qspi.c.obj)
 .text.nrfx_qspi_init
                0x0000000000004a68       0x40 modules/hal_nordic/nrfx/libmodules__hal_nordic__nrfx.a(nrfx_qspi.c.obj)
                0x0000000000004a68                nrfx_qspi_init
 .text.nrfx_qspi_cinstr_xfer
                0x0000000000004aa8       0xac modules/hal_nordic/nrfx/libmodules__hal_nordic__nrfx.a(nrfx_qspi.c.obj)
                0x0000000000004aa8                nrfx_qspi_cinstr_xfer
 .text.nrfx_qspi_activate
                0x0000000000004b54       0x18 modules/hal_nordic/nrfx/libmodules__hal_nordic__nrfx.a(nrfx_qspi.c.obj)
                0x0000000000004b54                nrfx_qspi_activate
 .text.nrfx_qspi_deactivate
                0x0000000000004b6c       0x24 modules/hal_nordic/nrfx/libmodules__hal_nordic__nrfx.a(nrfx_qspi.c.obj)
                0x0000000000004b6c                nrfx_qspi_deactivate
 .text.nrfx_qspi_init_check
                0x0000000000004b90       0x14 modules/hal_nordic/nrfx/libmodules__hal_nordic__nrfx.a(nrfx_qspi.c.obj)
                0x0000000000004b90                nrfx_qspi_init_check
 .text.nrfx_qspi_erase
                0x0000000000004ba4       0x9c modules/hal_nordic/nrfx/libmodules__hal_nordic__nrfx.a(nrfx_qspi.c.obj)
                0x0000000000004ba4                nrfx_qspi_erase
 .text.nrfx_qspi_irq_handler
                0x0000000000004c40       0x94 modules/hal_nordic/nrfx/libmodules__hal_nordic__nrfx.a(nrfx_qspi.c.obj)
                0x0000000000004c40                nrfx_qspi_irq_handler
 .text.mbedtls_ct_bool
                0x0000000000004cd4       0x18 modules/mbedtls/libmbedTLSBase.a(bignum_core.c.obj)
 .text.mbedtls_mpi_core_cond_assign
                0x0000000000004cec       0x30 modules/mbedtls/libmbedTLSBase.a(bignum_core.c.obj)
                0x0000000000004cec                mbedtls_mpi_core_cond_assign
 .text.mbedtls_mpi_core_exp_mod_optionally_safe
                0x0000000000004d1c      0x1a0 modules/mbedtls/libmbedTLSBase.a(bignum_core.c.obj)
 .text.mbedtls_ct_mpi_sign_if
                0x0000000000004ebc       0x1c modules/mbedtls/libmbedTLSBase.a(bignum.c.obj)
 .text.mbedtls_mpi_div_mpi
                0x0000000000004ed8      0x334 modules/mbedtls/libmbedTLSBase.a(bignum.c.obj)
                0x0000000000004ed8                mbedtls_mpi_div_mpi
 .text.mbedtls_ct_memcpy_if
                0x000000000000520c       0x88 modules/mbedtls/libmbedTLSBase.a(constant_time.c.obj)
                0x000000000000520c                mbedtls_ct_memcpy_if
 .text.mbedtls_md_info_from_type
                0x0000000000005294       0x10 modules/mbedtls/libmbedTLSBase.a(md.c.obj)
                0x0000000000005294                mbedtls_md_info_from_type
 .text.verify_header
                0x00000000000052a4       0x40 modules/mbedtls/libmbedTLSBase.a(memory_buffer_alloc.c.obj)
 .text.verify_chain
                0x00000000000052e4       0x3c modules/mbedtls/libmbedTLSBase.a(memory_buffer_alloc.c.obj)
 .text.buffer_alloc_calloc
                0x0000000000005320      0x114 modules/mbedtls/libmbedTLSBase.a(memory_buffer_alloc.c.obj)
 .text.buffer_alloc_free
                0x0000000000005434      0x124 modules/mbedtls/libmbedTLSBase.a(memory_buffer_alloc.c.obj)
 .text.mbedtls_memory_buffer_alloc_init
                0x0000000000005558       0x68 modules/mbedtls/libmbedTLSBase.a(memory_buffer_alloc.c.obj)
                0x0000000000005558                mbedtls_memory_buffer_alloc_init
 .text.mbedtls_platform_zeroize
                0x00000000000055c0       0x18 modules/mbedtls/libmbedTLSBase.a(platform_util.c.obj)
                0x00000000000055c0                mbedtls_platform_zeroize
 .text.mbedtls_calloc
                0x00000000000055d8        0xc modules/mbedtls/libmbedTLSBase.a(platform.c.obj)
                0x00000000000055d8                mbedtls_calloc
 .text.mbedtls_free
                0x00000000000055e4        0xc modules/mbedtls/libmbedTLSBase.a(platform.c.obj)
                0x00000000000055e4                mbedtls_free
 .text.mbedtls_platform_set_calloc_free
                0x00000000000055f0       0x14 modules/mbedtls/libmbedTLSBase.a(platform.c.obj)
                0x00000000000055f0                mbedtls_platform_set_calloc_free
 .text.rsa_check_context.constprop.0
                0x0000000000005604       0xb8 modules/mbedtls/libmbedTLSBase.a(rsa.c.obj)
 .text.mbedtls_rsa_set_padding
                0x00000000000056bc       0x30 modules/mbedtls/libmbedTLSBase.a(rsa.c.obj)
                0x00000000000056bc                mbedtls_rsa_set_padding
 .text.mbedtls_rsa_check_pubkey
                0x00000000000056ec       0x4c modules/mbedtls/libmbedTLSBase.a(rsa.c.obj)
                0x00000000000056ec                mbedtls_rsa_check_pubkey
 .text.mbedtls_rsa_public
                0x0000000000005738       0x90 modules/mbedtls/libmbedTLSBase.a(rsa.c.obj)
                0x0000000000005738                mbedtls_rsa_public
 .text.mbedtls_sha256_starts
                0x00000000000057c8       0x5c modules/mbedtls/libmbedTLSBase.a(sha256.c.obj)
                0x00000000000057c8                mbedtls_sha256_starts
 .text.mbedtls_internal_sha256_process
                0x0000000000005824      0x130 modules/mbedtls/libmbedTLSBase.a(sha256.c.obj)
                0x0000000000005824                mbedtls_internal_sha256_process
 .text.boot_write_magic
                0x0000000000005954       0x40 modules/mcuboot/libmcuboot_util.a(bootutil_public.c.obj)
                0x0000000000005954                boot_write_magic
 .text.boot_read_swap_state
                0x0000000000005994       0xac modules/mcuboot/libmcuboot_util.a(bootutil_public.c.obj)
                0x0000000000005994                boot_read_swap_state
 .text.boot_swap_type_multi
                0x0000000000005a40      0x100 modules/mcuboot/libmcuboot_util.a(bootutil_public.c.obj)
                0x0000000000005a40                boot_swap_type_multi
 .text.z_impl_z_errno
                0x0000000000005b40        0xc zephyr/kernel/libkernel.a(errno.c.obj)
                0x0000000000005b40                z_impl_z_errno
 .text.z_sys_init_run_level
                0x0000000000005b4c       0x2c zephyr/kernel/libkernel.a(init.c.obj)
 .text.bg_thread_main
                0x0000000000005b78       0x34 zephyr/kernel/libkernel.a(init.c.obj)
 .text.z_bss_zero
                0x0000000000005bac       0x18 zephyr/kernel/libkernel.a(init.c.obj)
                0x0000000000005bac                z_bss_zero
 .text.z_cstart
                0x0000000000005bc4       0x78 zephyr/kernel/libkernel.a(init.c.obj)
                0x0000000000005bc4                z_cstart
 .text.z_data_copy
                0x0000000000005c3c       0x38 zephyr/kernel/libkernel.a(xip.c.obj)
                0x0000000000005c3c                z_data_copy
 .text.first    0x0000000000005c74       0x10 zephyr/kernel/libkernel.a(timeout.c.obj)
 .text.elapsed  0x0000000000005c84       0x14 zephyr/kernel/libkernel.a(timeout.c.obj)
 .text.remove_timeout
                0x0000000000005c98       0x38 zephyr/kernel/libkernel.a(timeout.c.obj)
 .text.sys_clock_announce
                0x0000000000005cd0       0xb8 zephyr/kernel/libkernel.a(timeout.c.obj)
                0x0000000000005cd0                sys_clock_announce
 .text._OffsetAbsSyms
                0x0000000000005d88        0x2 zephyr/CMakeFiles/offsets.dir/./arch/arm/core/offsets/offsets.c.obj
                0x0000000000005d88                _OffsetAbsSyms
 .text.flash_area_get_device_id
                0x0000000000005d8a        0x4 app/libapp.a(flash_map_extended.c.obj)
                0x0000000000005d8a                flash_area_get_device_id
 .text.flash_area_get_sector
                0x0000000000005d8e       0x32 app/libapp.a(flash_map_extended.c.obj)
                0x0000000000005d8e                flash_area_get_sector
 .text.bootutil_tlv_iter_begin
                0x0000000000005dc0       0x9c app/libapp.a(tlv.c.obj)
                0x0000000000005dc0                bootutil_tlv_iter_begin
 .text.bootutil_tlv_iter_next
                0x0000000000005e5c       0x98 app/libapp.a(tlv.c.obj)
                0x0000000000005e5c                bootutil_tlv_iter_next
 .text.bootutil_tlv_iter_is_prot
                0x0000000000005ef4       0x1c app/libapp.a(tlv.c.obj)
                0x0000000000005ef4                bootutil_tlv_iter_is_prot
 .text.boot_fih_memequal
                0x0000000000005f10        0x4 app/libapp.a(bootutil_misc.c.obj)
                0x0000000000005f10                boot_fih_memequal
 .text.boot_trailer_sz
                0x0000000000005f14        0xa app/libapp.a(bootutil_misc.c.obj)
                0x0000000000005f14                boot_trailer_sz
 .text.boot_status_off
                0x0000000000005f1e       0x16 app/libapp.a(bootutil_misc.c.obj)
                0x0000000000005f1e                boot_status_off
 .text.boot_read_swap_size
                0x0000000000005f34       0x1c app/libapp.a(bootutil_misc.c.obj)
                0x0000000000005f34                boot_read_swap_size
 .text.boot_write_swap_size
                0x0000000000005f50       0x1e app/libapp.a(bootutil_misc.c.obj)
                0x0000000000005f50                boot_write_swap_size
 .text.boot_read_image_size
                0x0000000000005f6e       0x90 app/libapp.a(bootutil_misc.c.obj)
                0x0000000000005f6e                boot_read_image_size
 .text.boot_read_image_headers
                0x0000000000005ffe       0x2c app/libapp.a(loader.c.obj)
 .text.boot_read_sectors
                0x000000000000602a       0x42 app/libapp.a(loader.c.obj)
 .text.boot_status_reset
                0x000000000000606c       0x12 app/libapp.a(loader.c.obj)
                0x000000000000606c                boot_status_reset
 .text.boot_status_is_reset
                0x000000000000607e       0x1a app/libapp.a(loader.c.obj)
                0x000000000000607e                boot_status_is_reset
 .text.boot_write_status
                0x0000000000006098       0x64 app/libapp.a(loader.c.obj)
                0x0000000000006098                boot_write_status
 .text.boot_erase_region
                0x00000000000060fc        0x4 app/libapp.a(loader.c.obj)
                0x00000000000060fc                boot_erase_region
 .text.swap_erase_trailer_sectors
                0x0000000000006100       0x6c app/libapp.a(swap_misc.c.obj)
                0x0000000000006100                swap_erase_trailer_sectors
 .text.swap_status_init
                0x000000000000616c       0x3e app/libapp.a(swap_misc.c.obj)
                0x000000000000616c                swap_status_init
 .text.swap_read_status
                0x00000000000061aa       0x7a app/libapp.a(swap_misc.c.obj)
                0x00000000000061aa                swap_read_status
 .text.app_max_sectors
                0x0000000000006224       0x22 app/libapp.a(swap_move.c.obj)
 .text.find_last_idx
                0x0000000000006246       0x14 app/libapp.a(swap_move.c.obj)
                0x0000000000006246                find_last_idx
 .text.boot_status_internal_off
                0x000000000000625a       0x28 app/libapp.a(swap_move.c.obj)
                0x000000000000625a                boot_status_internal_off
 .text.swap_write_block_size_check
                0x0000000000006282       0x10 app/libapp.a(flash_check.c.obj)
                0x0000000000006282                swap_write_block_size_check
 .text.arch_printk_char_out
                0x0000000000006292        0x4 zephyr/libzephyr.a(printk.c.obj)
                0x0000000000006292                arch_printk_char_out
 .text.printk   0x0000000000006296       0x1a zephyr/libzephyr.a(printk.c.obj)
                0x0000000000006296                printk
 .text.process_recheck
                0x00000000000062b0       0x38 zephyr/libzephyr.a(onoff.c.obj)
 .text.validate_args
                0x00000000000062e8       0x20 zephyr/libzephyr.a(onoff.c.obj)
 .text.notify_one
                0x0000000000006308       0x2c zephyr/libzephyr.a(onoff.c.obj)
 .text.transition_complete
                0x0000000000006334       0x1a zephyr/libzephyr.a(onoff.c.obj)
 .text.onoff_manager_init
                0x000000000000634e       0x26 zephyr/libzephyr.a(onoff.c.obj)
                0x000000000000634e                onoff_manager_init
 .text.onoff_request
                0x0000000000006374       0xae zephyr/libzephyr.a(onoff.c.obj)
                0x0000000000006374                onoff_request
 .text.sys_notify_validate
                0x0000000000006422       0x22 zephyr/libzephyr.a(notify.c.obj)
                0x0000000000006422                sys_notify_validate
 .text.sys_notify_finalize
                0x0000000000006444       0x1a zephyr/libzephyr.a(notify.c.obj)
                0x0000000000006444                sys_notify_finalize
 .text._ConfigAbsSyms
                0x000000000000645e        0x2 zephyr/libzephyr.a(configs.c.obj)
                0x000000000000645e                _ConfigAbsSyms
 .text.z_log_minimal_printk
                0x0000000000006460       0x1a zephyr/libzephyr.a(log_minimal.c.obj)
                0x0000000000006460                z_log_minimal_printk
 .text.flash_area_close
                0x000000000000647a        0x2 zephyr/libzephyr.a(flash_map.c.obj)
                0x000000000000647a                flash_area_close
 .text.flash_area_read
                0x000000000000647c       0x2a zephyr/libzephyr.a(flash_map.c.obj)
                0x000000000000647c                flash_area_read
 .text.flash_area_write
                0x00000000000064a6       0x2a zephyr/libzephyr.a(flash_map.c.obj)
                0x00000000000064a6                flash_area_write
 .text.flash_area_erase
                0x00000000000064d0       0x30 zephyr/libzephyr.a(flash_map.c.obj)
                0x00000000000064d0                flash_area_erase
 .text.flash_area_align
                0x0000000000006500        0xe zephyr/libzephyr.a(flash_map.c.obj)
                0x0000000000006500                flash_area_align
 .text.flash_area_erased_val
                0x000000000000650e        0xe zephyr/libzephyr.a(flash_map.c.obj)
                0x000000000000650e                flash_area_erased_val
 .text.get_sectors_cb
                0x000000000000651c       0x44 zephyr/libzephyr.a(flash_map_layout.c.obj)
 .text.flash_area_get_sectors
                0x0000000000006560       0x32 zephyr/libzephyr.a(flash_map_layout.c.obj)
                0x0000000000006560                flash_area_get_sectors
 .text.z_arm_fatal_error
                0x0000000000006592        0xc zephyr/arch/arch/arm/core/libarch__arm__core.a(fatal.c.obj)
                0x0000000000006592                z_arm_fatal_error
 .text.z_do_kernel_oops
                0x000000000000659e        0x8 zephyr/arch/arch/arm/core/libarch__arm__core.a(fatal.c.obj)
                0x000000000000659e                z_do_kernel_oops
 .text.z_arm_nmi
                0x00000000000065a6        0xe zephyr/arch/arch/arm/core/libarch__arm__core.a(nmi.c.obj)
                0x00000000000065a6                z_arm_nmi
 .text._HandlerModeExit
                0x00000000000065b4        0x2 zephyr/arch/arch/arm/core/cortex_m/libarch__arm__core__cortex_m.a(exc_exit.c.obj)
                0x00000000000065b4                z_arm_int_exit
                0x00000000000065b4                z_arm_exc_exit
 .text.z_irq_spurious
                0x00000000000065b6        0x8 zephyr/arch/arch/arm/core/cortex_m/libarch__arm__core__cortex_m.a(irq_manage.c.obj)
                0x00000000000065b6                z_irq_spurious
 .text.arch_irq_unlock_outlined
                0x00000000000065be        0xe zephyr/arch/arch/arm/core/cortex_m/libarch__arm__core__cortex_m.a(thread.c.obj)
                0x00000000000065be                arch_irq_unlock_outlined
 .text.arch_irq_lock_outlined
                0x00000000000065cc       0x10 zephyr/arch/arch/arm/core/cortex_m/libarch__arm__core__cortex_m.a(thread.c.obj)
                0x00000000000065cc                arch_irq_lock_outlined
 .text.arch_cpu_atomic_idle
                0x00000000000065dc       0x1e zephyr/arch/arch/arm/core/cortex_m/libarch__arm__core__cortex_m.a(cpu_idle.c.obj)
                0x00000000000065dc                arch_cpu_atomic_idle
 .text.size_to_mpu_rasr_size
                0x00000000000065fa       0x20 zephyr/arch/arch/arm/core/mpu/libarch__arm__core__mpu.a(arm_mpu.c.obj)
 .text.strlen   0x000000000000661a        0xe zephyr/lib/libc/minimal/liblib__libc__minimal.a(string.c.obj)
                0x000000000000661a                strlen
 .text.memcmp   0x0000000000006628       0x20 zephyr/lib/libc/minimal/liblib__libc__minimal.a(string.c.obj)
                0x0000000000006628                memcmp
 .text.memmove  0x0000000000006648       0x2e zephyr/lib/libc/minimal/liblib__libc__minimal.a(string.c.obj)
                0x0000000000006648                memmove
 .text.memcpy   0x0000000000006676       0x16 zephyr/lib/libc/minimal/liblib__libc__minimal.a(string.c.obj)
                0x0000000000006676                memcpy
 .text.memset   0x000000000000668c       0x12 zephyr/lib/libc/minimal/liblib__libc__minimal.a(string.c.obj)
                0x000000000000668c                memset
 .text._stdout_hook_default
                0x000000000000669e        0x6 zephyr/lib/libc/minimal/liblib__libc__minimal.a(stdout_console.c.obj)
 .text.free     0x00000000000066a4        0x2 zephyr/lib/libc/common/liblib__libc__common.a(malloc.c.obj)
                0x00000000000066a4                free
 .text.calloc   0x00000000000066a6        0xe zephyr/lib/libc/common/liblib__libc__common.a(malloc.c.obj)
                0x00000000000066a6                calloc
 .text.get_status
                0x00000000000066b4       0x12 zephyr/drivers/clock_control/libdrivers__clock_control.a(clock_control_nrf.c.obj)
 .text.stop     0x00000000000066c6       0x50 zephyr/drivers/clock_control/libdrivers__clock_control.a(clock_control_nrf.c.obj)
 .text.api_stop
                0x0000000000006716        0x6 zephyr/drivers/clock_control/libdrivers__clock_control.a(clock_control_nrf.c.obj)
 .text.async_start
                0x000000000000671c       0x5a zephyr/drivers/clock_control/libdrivers__clock_control.a(clock_control_nrf.c.obj)
 .text.api_start
                0x0000000000006776        0xe zephyr/drivers/clock_control/libdrivers__clock_control.a(clock_control_nrf.c.obj)
 .text.api_blocking_start
                0x0000000000006784        0x6 zephyr/drivers/clock_control/libdrivers__clock_control.a(clock_control_nrf.c.obj)
 .text.onoff_started_callback
                0x000000000000678a       0x12 zephyr/drivers/clock_control/libdrivers__clock_control.a(clock_control_nrf.c.obj)
 .text.lfclk_start
                0x000000000000679c        0x6 zephyr/drivers/clock_control/libdrivers__clock_control.a(clock_control_nrf.c.obj)
 .text.lfclk_stop
                0x00000000000067a2        0x6 zephyr/drivers/clock_control/libdrivers__clock_control.a(clock_control_nrf.c.obj)
 .text.flash_get_page_info
                0x00000000000067a8       0x62 zephyr/drivers/flash/libdrivers__flash.a(flash_page_layout.c.obj)
 .text.z_impl_flash_get_page_info_by_offs
                0x000000000000680a        0x8 zephyr/drivers/flash/libdrivers__flash.a(flash_page_layout.c.obj)
                0x000000000000680a                z_impl_flash_get_page_info_by_offs
 .text.flash_page_foreach
                0x0000000000006812       0x58 zephyr/drivers/flash/libdrivers__flash.a(flash_page_layout.c.obj)
                0x0000000000006812                flash_page_foreach
 .text.qspi_handler
                0x000000000000686a        0x8 zephyr/drivers/flash/libdrivers__flash.a(nrf_qspi_nor.c.obj)
 .text.qspi_nor_get_size
                0x0000000000006872        0xe zephyr/drivers/flash/libdrivers__flash.a(nrf_qspi_nor.c.obj)
                0x0000000000006872                qspi_nor_get_size
 .text.qspi_send_cmd.constprop.0
                0x0000000000006880       0x62 zephyr/drivers/flash/libdrivers__flash.a(nrf_qspi_nor.c.obj)
 .text.qspi_nor_write_protection_set.isra.0
                0x00000000000068e2       0x2a zephyr/drivers/flash/libdrivers__flash.a(nrf_qspi_nor.c.obj)
 .text.qspi_rdsr.isra.0
                0x000000000000690c       0x3c zephyr/drivers/flash/libdrivers__flash.a(nrf_qspi_nor.c.obj)
 .text.qspi_release.isra.0
                0x0000000000006948        0xa zephyr/drivers/flash/libdrivers__flash.a(nrf_qspi_nor.c.obj)
 .text.flash_nrf_get_size
                0x0000000000006952       0x12 zephyr/drivers/flash/libdrivers__flash.a(soc_flash_nrf.c.obj)
 .text.is_regular_addr_valid
                0x0000000000006964       0x22 zephyr/drivers/flash/libdrivers__flash.a(soc_flash_nrf.c.obj)
 .text.flash_nrf_read
                0x0000000000006986       0x28 zephyr/drivers/flash/libdrivers__flash.a(soc_flash_nrf.c.obj)
 .text.gpio_nrfx_port_get_raw
                0x00000000000069ae        0xe zephyr/drivers/gpio/libdrivers__gpio.a(gpio_nrfx.c.obj)
 .text.gpio_nrfx_port_set_masked_raw
                0x00000000000069bc       0x18 zephyr/drivers/gpio/libdrivers__gpio.a(gpio_nrfx.c.obj)
 .text.gpio_nrfx_port_set_bits_raw
                0x00000000000069d4        0xc zephyr/drivers/gpio/libdrivers__gpio.a(gpio_nrfx.c.obj)
 .text.gpio_nrfx_port_clear_bits_raw
                0x00000000000069e0        0xc zephyr/drivers/gpio/libdrivers__gpio.a(gpio_nrfx.c.obj)
 .text.gpio_nrfx_port_toggle_bits
                0x00000000000069ec       0x1a zephyr/drivers/gpio/libdrivers__gpio.a(gpio_nrfx.c.obj)
 .text.gpio_nrfx_manage_callback
                0x0000000000006a06       0x52 zephyr/drivers/gpio/libdrivers__gpio.a(gpio_nrfx.c.obj)
 .text.pinctrl_lookup_state
                0x0000000000006a58       0x26 zephyr/drivers/pinctrl/libdrivers__pinctrl.a(common.c.obj)
                0x0000000000006a58                pinctrl_lookup_state
 .text.uarte_nrfx_err_check
                0x0000000000006a7e        0xe zephyr/drivers/serial/libdrivers__serial.a(uart_nrfx_uarte.c.obj)
 .text.uarte_nrfx_poll_in
                0x0000000000006a8c       0x26 zephyr/drivers/serial/libdrivers__serial.a(uart_nrfx_uarte.c.obj)
 .text.is_tx_ready.isra.0
                0x0000000000006ab2       0x20 zephyr/drivers/serial/libdrivers__serial.a(uart_nrfx_uarte.c.obj)
 .text.uarte_nrfx_isr_int
                0x0000000000006ad2       0x42 zephyr/drivers/serial/libdrivers__serial.a(uart_nrfx_uarte.c.obj)
 .text.event_clear
                0x0000000000006b14       0x18 zephyr/drivers/timer/libdrivers__timer.a(nrf_rtc_timer.c.obj)
 .text.nrfx_isr
                0x0000000000006b2c        0x2 modules/hal_nordic/nrfx/libmodules__hal_nordic__nrfx.a(nrfx_glue.c.obj)
                0x0000000000006b2c                nrfx_isr
 .text.nrfx_busy_wait
                0x0000000000006b2e        0x4 modules/hal_nordic/nrfx/libmodules__hal_nordic__nrfx.a(nrfx_glue.c.obj)
                0x0000000000006b2e                nrfx_busy_wait
 .text.nrfx_gppi_channel_endpoints_setup
                0x0000000000006b32       0x14 modules/hal_nordic/nrfx/libmodules__hal_nordic__nrfx.a(nrfx_gppi_ppi.c.obj)
                0x0000000000006b32                nrfx_gppi_channel_endpoints_setup
 .text.nrfx_gppi_channel_alloc
                0x0000000000006b46        0x4 modules/hal_nordic/nrfx/libmodules__hal_nordic__nrfx.a(nrfx_gppi_ppi.c.obj)
                0x0000000000006b46                nrfx_gppi_channel_alloc
 .text.nrfx_clock_stop
                0x0000000000006b4a        0x4 modules/hal_nordic/nrfx/libmodules__hal_nordic__nrfx.a(nrfx_clock.c.obj)
                0x0000000000006b4a                nrfx_clock_stop
 .text.nrf_gpio_reconfigure
                0x0000000000006b4e       0x92 modules/hal_nordic/nrfx/libmodules__hal_nordic__nrfx.a(nrfx_gpiote.c.obj)
 .text.nrf_gpio_cfg_sense_set
                0x0000000000006be0       0x1e modules/hal_nordic/nrfx/libmodules__hal_nordic__nrfx.a(nrfx_gpiote.c.obj)
 .text.pin_trigger_disable
                0x0000000000006bfe       0x48 modules/hal_nordic/nrfx/libmodules__hal_nordic__nrfx.a(nrfx_gpiote.c.obj)
 .text.nrfx_gpiote_pin_uninit
                0x0000000000006c46        0x4 modules/hal_nordic/nrfx/libmodules__hal_nordic__nrfx.a(nrfx_gpiote.c.obj)
                0x0000000000006c46                nrfx_gpiote_pin_uninit
 .text.nrfx_gpiote_trigger_disable
                0x0000000000006c4a        0x4 modules/hal_nordic/nrfx/libmodules__hal_nordic__nrfx.a(nrfx_gpiote.c.obj)
                0x0000000000006c4a                nrfx_gpiote_trigger_disable
 .text.nrfx_nvmc_flash_size_get
                0x0000000000006c4e        0xc modules/hal_nordic/nrfx/libmodules__hal_nordic__nrfx.a(nrfx_nvmc.c.obj)
                0x0000000000006c4e                nrfx_nvmc_flash_size_get
 .text.nrfx_nvmc_flash_page_size_get
                0x0000000000006c5a        0x8 modules/hal_nordic/nrfx/libmodules__hal_nordic__nrfx.a(nrfx_nvmc.c.obj)
                0x0000000000006c5a                nrfx_nvmc_flash_page_size_get
 .text.nrfx_nvmc_flash_page_count_get
                0x0000000000006c62        0x8 modules/hal_nordic/nrfx/libmodules__hal_nordic__nrfx.a(nrfx_nvmc.c.obj)
                0x0000000000006c62                nrfx_nvmc_flash_page_count_get
 .text.nrfx_qspi_write
                0x0000000000006c6a        0x6 modules/hal_nordic/nrfx/libmodules__hal_nordic__nrfx.a(nrfx_qspi.c.obj)
                0x0000000000006c6a                nrfx_qspi_write
 .text.nrfx_qspi_read
                0x0000000000006c70        0x6 modules/hal_nordic/nrfx/libmodules__hal_nordic__nrfx.a(nrfx_qspi.c.obj)
                0x0000000000006c70                nrfx_qspi_read
 .text.nrfx_qspi_chip_erase
                0x0000000000006c76        0x8 modules/hal_nordic/nrfx/libmodules__hal_nordic__nrfx.a(nrfx_qspi.c.obj)
                0x0000000000006c76                nrfx_qspi_chip_erase
 .text.mbedtls_asn1_get_len
                0x0000000000006c7e       0x68 modules/mbedtls/libmbedTLSBase.a(asn1parse.c.obj)
                0x0000000000006c7e                mbedtls_asn1_get_len
 .text.mbedtls_asn1_get_tag
                0x0000000000006ce6       0x28 modules/mbedtls/libmbedTLSBase.a(asn1parse.c.obj)
                0x0000000000006ce6                mbedtls_asn1_get_tag
 .text.mbedtls_asn1_get_mpi
                0x0000000000006d0e       0x26 modules/mbedtls/libmbedTLSBase.a(asn1parse.c.obj)
                0x0000000000006d0e                mbedtls_asn1_get_mpi
 .text.mbedtls_mpi_core_bitlen
                0x0000000000006d34       0x1e modules/mbedtls/libmbedTLSBase.a(bignum_core.c.obj)
                0x0000000000006d34                mbedtls_mpi_core_bitlen
 .text.mbedtls_mpi_core_bigendian_to_host
                0x0000000000006d52       0x26 modules/mbedtls/libmbedTLSBase.a(bignum_core.c.obj)
                0x0000000000006d52                mbedtls_mpi_core_bigendian_to_host
 .text.mbedtls_mpi_core_read_be
                0x0000000000006d78       0x4a modules/mbedtls/libmbedTLSBase.a(bignum_core.c.obj)
                0x0000000000006d78                mbedtls_mpi_core_read_be
 .text.mbedtls_mpi_core_write_be
                0x0000000000006dc2       0x64 modules/mbedtls/libmbedTLSBase.a(bignum_core.c.obj)
                0x0000000000006dc2                mbedtls_mpi_core_write_be
 .text.mbedtls_mpi_core_shift_r
                0x0000000000006e26       0x74 modules/mbedtls/libmbedTLSBase.a(bignum_core.c.obj)
                0x0000000000006e26                mbedtls_mpi_core_shift_r
 .text.mbedtls_mpi_core_shift_l
                0x0000000000006e9a       0x6c modules/mbedtls/libmbedTLSBase.a(bignum_core.c.obj)
                0x0000000000006e9a                mbedtls_mpi_core_shift_l
 .text.mbedtls_mpi_core_add
                0x0000000000006f06       0x2c modules/mbedtls/libmbedTLSBase.a(bignum_core.c.obj)
                0x0000000000006f06                mbedtls_mpi_core_add
 .text.mbedtls_mpi_core_sub
                0x0000000000006f32       0x3a modules/mbedtls/libmbedTLSBase.a(bignum_core.c.obj)
                0x0000000000006f32                mbedtls_mpi_core_sub
 .text.mbedtls_mpi_core_mla
                0x0000000000006f6c      0x178 modules/mbedtls/libmbedTLSBase.a(bignum_core.c.obj)
                0x0000000000006f6c                mbedtls_mpi_core_mla
 .text.mbedtls_mpi_core_montmul_init
                0x00000000000070e4       0x22 modules/mbedtls/libmbedTLSBase.a(bignum_core.c.obj)
                0x00000000000070e4                mbedtls_mpi_core_montmul_init
 .text.mbedtls_mpi_core_montmul
                0x0000000000007106       0x96 modules/mbedtls/libmbedTLSBase.a(bignum_core.c.obj)
                0x0000000000007106                mbedtls_mpi_core_montmul
 .text.mbedtls_mpi_core_get_mont_r2_unsafe
                0x000000000000719c       0x34 modules/mbedtls/libmbedTLSBase.a(bignum_core.c.obj)
                0x000000000000719c                mbedtls_mpi_core_get_mont_r2_unsafe
 .text.mbedtls_mpi_core_exp_mod_working_limbs
                0x00000000000071d0       0x16 modules/mbedtls/libmbedTLSBase.a(bignum_core.c.obj)
                0x00000000000071d0                mbedtls_mpi_core_exp_mod_working_limbs
 .text.mbedtls_mpi_core_exp_mod
                0x00000000000071e6       0x20 modules/mbedtls/libmbedTLSBase.a(bignum_core.c.obj)
                0x00000000000071e6                mbedtls_mpi_core_exp_mod
 .text.mbedtls_mpi_core_exp_mod_unsafe
                0x0000000000007206       0x22 modules/mbedtls/libmbedTLSBase.a(bignum_core.c.obj)
                0x0000000000007206                mbedtls_mpi_core_exp_mod_unsafe
 .text.mbedtls_mpi_core_sub_int
                0x0000000000007228       0x22 modules/mbedtls/libmbedTLSBase.a(bignum_core.c.obj)
                0x0000000000007228                mbedtls_mpi_core_sub_int
 .text.mbedtls_mpi_core_check_zero_ct
                0x000000000000724a       0x18 modules/mbedtls/libmbedTLSBase.a(bignum_core.c.obj)
                0x000000000000724a                mbedtls_mpi_core_check_zero_ct
 .text.mbedtls_mpi_core_to_mont_rep
                0x0000000000007262       0x18 modules/mbedtls/libmbedTLSBase.a(bignum_core.c.obj)
                0x0000000000007262                mbedtls_mpi_core_to_mont_rep
 .text.mbedtls_mpi_core_from_mont_rep
                0x000000000000727a       0x20 modules/mbedtls/libmbedTLSBase.a(bignum_core.c.obj)
                0x000000000000727a                mbedtls_mpi_core_from_mont_rep
 .text.mbedtls_mpi_init
                0x000000000000729a        0xa modules/mbedtls/libmbedTLSBase.a(bignum.c.obj)
                0x000000000000729a                mbedtls_mpi_init
 .text.mbedtls_mpi_free
                0x00000000000072a4       0x1c modules/mbedtls/libmbedTLSBase.a(bignum.c.obj)
                0x00000000000072a4                mbedtls_mpi_free
 .text.mbedtls_mpi_grow
                0x00000000000072c0       0x48 modules/mbedtls/libmbedTLSBase.a(bignum.c.obj)
                0x00000000000072c0                mbedtls_mpi_grow
 .text.mbedtls_mpi_resize_clear
                0x0000000000007308       0x36 modules/mbedtls/libmbedTLSBase.a(bignum.c.obj)
 .text.mbedtls_mpi_shrink
                0x000000000000733e       0x62 modules/mbedtls/libmbedTLSBase.a(bignum.c.obj)
                0x000000000000733e                mbedtls_mpi_shrink
 .text.mbedtls_mpi_copy
                0x00000000000073a0       0x6a modules/mbedtls/libmbedTLSBase.a(bignum.c.obj)
                0x00000000000073a0                mbedtls_mpi_copy
 .text.mbedtls_mpi_lset
                0x000000000000740a       0x38 modules/mbedtls/libmbedTLSBase.a(bignum.c.obj)
                0x000000000000740a                mbedtls_mpi_lset
 .text.mbedtls_mpi_get_bit
                0x0000000000007442       0x20 modules/mbedtls/libmbedTLSBase.a(bignum.c.obj)
                0x0000000000007442                mbedtls_mpi_get_bit
 .text.mbedtls_mpi_bitlen
                0x0000000000007462        0x8 modules/mbedtls/libmbedTLSBase.a(bignum.c.obj)
                0x0000000000007462                mbedtls_mpi_bitlen
 .text.mbedtls_mpi_size
                0x000000000000746a        0xc modules/mbedtls/libmbedTLSBase.a(bignum.c.obj)
                0x000000000000746a                mbedtls_mpi_size
 .text.mbedtls_mpi_read_binary
                0x0000000000007476       0x2c modules/mbedtls/libmbedTLSBase.a(bignum.c.obj)
                0x0000000000007476                mbedtls_mpi_read_binary
 .text.mbedtls_mpi_write_binary
                0x00000000000074a2        0xc modules/mbedtls/libmbedTLSBase.a(bignum.c.obj)
                0x00000000000074a2                mbedtls_mpi_write_binary
 .text.mbedtls_mpi_shift_l
                0x00000000000074ae       0x3a modules/mbedtls/libmbedTLSBase.a(bignum.c.obj)
                0x00000000000074ae                mbedtls_mpi_shift_l
 .text.mbedtls_mpi_shift_r
                0x00000000000074e8       0x12 modules/mbedtls/libmbedTLSBase.a(bignum.c.obj)
                0x00000000000074e8                mbedtls_mpi_shift_r
 .text.mbedtls_mpi_cmp_abs
                0x00000000000074fa       0x5e modules/mbedtls/libmbedTLSBase.a(bignum.c.obj)
                0x00000000000074fa                mbedtls_mpi_cmp_abs
 .text.mbedtls_mpi_cmp_mpi
                0x0000000000007558       0x90 modules/mbedtls/libmbedTLSBase.a(bignum.c.obj)
                0x0000000000007558                mbedtls_mpi_cmp_mpi
 .text.mbedtls_mpi_cmp_int
                0x00000000000075e8       0x30 modules/mbedtls/libmbedTLSBase.a(bignum.c.obj)
                0x00000000000075e8                mbedtls_mpi_cmp_int
 .text.mbedtls_mpi_add_abs
                0x0000000000007618       0x92 modules/mbedtls/libmbedTLSBase.a(bignum.c.obj)
                0x0000000000007618                mbedtls_mpi_add_abs
 .text.mbedtls_mpi_sub_abs
                0x00000000000076aa       0xa2 modules/mbedtls/libmbedTLSBase.a(bignum.c.obj)
                0x00000000000076aa                mbedtls_mpi_sub_abs
 .text.add_sub_mpi
                0x000000000000774c       0x62 modules/mbedtls/libmbedTLSBase.a(bignum.c.obj)
 .text.mbedtls_mpi_add_mpi
                0x00000000000077ae        0x6 modules/mbedtls/libmbedTLSBase.a(bignum.c.obj)
                0x00000000000077ae                mbedtls_mpi_add_mpi
 .text.mbedtls_mpi_sub_mpi
                0x00000000000077b4        0x8 modules/mbedtls/libmbedTLSBase.a(bignum.c.obj)
                0x00000000000077b4                mbedtls_mpi_sub_mpi
 .text.mbedtls_mpi_mul_int
                0x00000000000077bc       0x62 modules/mbedtls/libmbedTLSBase.a(bignum.c.obj)
                0x00000000000077bc                mbedtls_mpi_mul_int
 .text.mbedtls_mpi_mod_mpi
                0x000000000000781e       0x64 modules/mbedtls/libmbedTLSBase.a(bignum.c.obj)
                0x000000000000781e                mbedtls_mpi_mod_mpi
 .text.mbedtls_mpi_exp_mod_optionally_safe
                0x0000000000007882      0x1da modules/mbedtls/libmbedTLSBase.a(bignum.c.obj)
 .text.mbedtls_mpi_exp_mod_unsafe
                0x0000000000007a5c       0x14 modules/mbedtls/libmbedTLSBase.a(bignum.c.obj)
                0x0000000000007a5c                mbedtls_mpi_exp_mod_unsafe
 .text.mbedtls_zeroize_and_free
                0x0000000000007a70       0x14 modules/mbedtls/libmbedTLSBase.a(platform_util.c.obj)
                0x0000000000007a70                mbedtls_zeroize_and_free
 .text.exit     0x0000000000007a84        0x6 modules/mbedtls/libmbedTLSBase.a(platform.c.obj)
 .text.mbedtls_rsa_import
                0x0000000000007a8a       0x86 modules/mbedtls/libmbedTLSBase.a(rsa.c.obj)
                0x0000000000007a8a                mbedtls_rsa_import
 .text.mbedtls_rsa_init
                0x0000000000007b10       0x14 modules/mbedtls/libmbedTLSBase.a(rsa.c.obj)
                0x0000000000007b10                mbedtls_rsa_init
 .text.mbedtls_rsa_get_len
                0x0000000000007b24        0x4 modules/mbedtls/libmbedTLSBase.a(rsa.c.obj)
                0x0000000000007b24                mbedtls_rsa_get_len
 .text.mbedtls_rsa_free
                0x0000000000007b28       0x72 modules/mbedtls/libmbedTLSBase.a(rsa.c.obj)
                0x0000000000007b28                mbedtls_rsa_free
 .text.mbedtls_bswap32
                0x0000000000007b9a        0x4 modules/mbedtls/libmbedTLSBase.a(sha256.c.obj)
 .text.mbedtls_sha256_init
                0x0000000000007b9e        0x8 modules/mbedtls/libmbedTLSBase.a(sha256.c.obj)
                0x0000000000007b9e                mbedtls_sha256_init
 .text.mbedtls_sha256_free
                0x0000000000007ba6        0xa modules/mbedtls/libmbedTLSBase.a(sha256.c.obj)
                0x0000000000007ba6                mbedtls_sha256_free
 .text.mbedtls_sha256_update
                0x0000000000007bb0       0x7e modules/mbedtls/libmbedTLSBase.a(sha256.c.obj)
                0x0000000000007bb0                mbedtls_sha256_update
 .text.mbedtls_sha256_finish
                0x0000000000007c2e      0x140 modules/mbedtls/libmbedTLSBase.a(sha256.c.obj)
                0x0000000000007c2e                mbedtls_sha256_finish
 .text._mbedtls_init
                0x0000000000007d6e        0x4 modules/mbedtls/libmbedTLSBase.a(zephyr_init.c.obj)
 .text.boot_swap_info_off
                0x0000000000007d72        0xc modules/mcuboot/libmcuboot_util.a(bootutil_public.c.obj)
                0x0000000000007d72                boot_swap_info_off
 .text.boot_magic_compatible_check
                0x0000000000007d7e       0x1c modules/mcuboot/libmcuboot_util.a(bootutil_public.c.obj)
                0x0000000000007d7e                boot_magic_compatible_check
 .text.bootutil_buffer_is_erased
                0x0000000000007d9a       0x26 modules/mcuboot/libmcuboot_util.a(bootutil_public.c.obj)
                0x0000000000007d9a                bootutil_buffer_is_erased
 .text.boot_read_flag
                0x0000000000007dc0       0x38 modules/mcuboot/libmcuboot_util.a(bootutil_public.c.obj)
 .text.boot_write_trailer
                0x0000000000007df8       0x58 modules/mcuboot/libmcuboot_util.a(bootutil_public.c.obj)
                0x0000000000007df8                boot_write_trailer
 .text.boot_write_trailer_flag
                0x0000000000007e50       0x14 modules/mcuboot/libmcuboot_util.a(bootutil_public.c.obj)
                0x0000000000007e50                boot_write_trailer_flag
 .text.boot_write_image_ok
                0x0000000000007e64        0xe modules/mcuboot/libmcuboot_util.a(bootutil_public.c.obj)
                0x0000000000007e64                boot_write_image_ok
 .text.boot_read_image_ok
                0x0000000000007e72        0xc modules/mcuboot/libmcuboot_util.a(bootutil_public.c.obj)
                0x0000000000007e72                boot_read_image_ok
 .text.boot_read_swap_state_by_id
                0x0000000000007e7e       0x28 modules/mcuboot/libmcuboot_util.a(bootutil_public.c.obj)
                0x0000000000007e7e                boot_read_swap_state_by_id
 .text.boot_write_swap_info
                0x0000000000007ea6       0x22 modules/mcuboot/libmcuboot_util.a(bootutil_public.c.obj)
                0x0000000000007ea6                boot_write_swap_info
 .text.boot_write_copy_done
                0x0000000000007ec8       0x10 modules/mcuboot/libmcuboot_util.a(bootutil_public.c.obj)
                0x0000000000007ec8                boot_write_copy_done
 .text.z_impl_k_busy_wait
                0x0000000000007ed8        0x8 zephyr/kernel/libkernel.a(busy_wait.c.obj)
                0x0000000000007ed8                z_impl_k_busy_wait
 .text.z_device_state_init
                0x0000000000007ee0        0x2 zephyr/kernel/libkernel.a(device.c.obj)
                0x0000000000007ee0                z_device_state_init
 .text.z_impl_device_is_ready
                0x0000000000007ee2       0x16 zephyr/kernel/libkernel.a(device.c.obj)
                0x0000000000007ee2                z_impl_device_is_ready
 .text.arch_system_halt
                0x0000000000007ef8       0x10 zephyr/kernel/libkernel.a(fatal.c.obj)
                0x0000000000007ef8                arch_system_halt
 .text.k_sys_fatal_error_handler
                0x0000000000007f08        0x6 zephyr/kernel/libkernel.a(fatal.c.obj)
                0x0000000000007f08                k_sys_fatal_error_handler
 .text.z_fatal_error
                0x0000000000007f0e       0x1e zephyr/kernel/libkernel.a(fatal.c.obj)
                0x0000000000007f0e                z_fatal_error
 .text.do_device_init
                0x0000000000007f2c       0x30 zephyr/kernel/libkernel.a(init.c.obj)
 .text.z_early_memset
                0x0000000000007f5c        0x4 zephyr/kernel/libkernel.a(init.c.obj)
                0x0000000000007f5c                z_early_memset
 .text.z_early_memcpy
                0x0000000000007f60        0x4 zephyr/kernel/libkernel.a(init.c.obj)
                0x0000000000007f60                z_early_memcpy
 .text.z_init_static
                0x0000000000007f64        0x2 zephyr/kernel/libkernel.a(init_static.c.obj)
                0x0000000000007f64                z_init_static
 .text.k_is_in_isr
                0x0000000000007f66        0xc zephyr/kernel/libkernel.a(nothread.c.obj)
                0x0000000000007f66                k_is_in_isr
 .text.next_timeout
                0x0000000000007f72       0x32 zephyr/kernel/libkernel.a(timeout.c.obj)
 *(SORT_BY_ALIGNMENT(.TEXT.*))
 *(SORT_BY_ALIGNMENT(.gnu.linkonce.t.*))
 *(SORT_BY_ALIGNMENT(.glue_7t))
 .glue_7t       0x0000000000007fa4        0x0 linker stubs
 *(SORT_BY_ALIGNMENT(.glue_7))
 .glue_7        0x0000000000007fa4        0x0 linker stubs
 *(SORT_BY_ALIGNMENT(.vfp11_veneer))
 .vfp11_veneer  0x0000000000007fa4        0x0 linker stubs
 *(SORT_BY_ALIGNMENT(.v4_bx))
 .v4_bx         0x0000000000007fa4        0x0 linker stubs
                0x0000000000007fa4                . = ALIGN (0x4)
                0x0000000000007fa4                __text_region_end = .

.ARM.exidx      0x0000000000007fa4        0x8
                0x0000000000007fa4                __exidx_start = .
 *(SORT_BY_ALIGNMENT(.ARM.exidx*) SORT_BY_ALIGNMENT(gnu.linkonce.armexidx.*))
 .ARM.exidx     0x0000000000007fa4        0x8 c:/users/brian/zephyr-sdk-0.17.4/arm-zephyr-eabi/bin/../lib/gcc/arm-zephyr-eabi/12.2.0/thumb/v7e-m/nofp\libgcc.a(_udivmoddi4.o)
                0x0000000000007fac                __exidx_end = .
                0x0000000000007fac                __rodata_region_start = .

initlevel       0x0000000000007fac       0x50
                0x0000000000007fac                __init_start = .
                0x0000000000007fac                __init_EARLY_start = .
 *(SORT_BY_NAME(SORT_BY_ALIGNMENT(.z_init_EARLY?_*)))
 *(SORT_BY_NAME(SORT_BY_ALIGNMENT(.z_init_EARLY??_*)))
                0x0000000000007fac                __init_PRE_KERNEL_1_start = .
 *(SORT_BY_NAME(SORT_BY_ALIGNMENT(.z_init_PRE_KERNEL_1?_*)))
 .z_init_PRE_KERNEL_10_0_
                0x0000000000007fac        0x8 zephyr/soc/soc/nrf52840/libsoc__nordic.a(soc.c.obj)
 *(SORT_BY_NAME(SORT_BY_ALIGNMENT(.z_init_PRE_KERNEL_1??_*)))
 .z_init_PRE_KERNEL_130_00059_
                0x0000000000007fb4        0x8 zephyr/drivers/clock_control/libdrivers__clock_control.a(clock_control_nrf.c.obj)
 .z_init_PRE_KERNEL_140_00013_
                0x0000000000007fbc        0x8 zephyr/drivers/gpio/libdrivers__gpio.a(gpio_nrfx.c.obj)
 .z_init_PRE_KERNEL_140_00070_
                0x0000000000007fc4        0x8 zephyr/drivers/gpio/libdrivers__gpio.a(gpio_nrfx.c.obj)
 .z_init_PRE_KERNEL_150_00097_
                0x0000000000007fcc        0x8 zephyr/drivers/serial/libdrivers__serial.a(uart_nrfx_uarte.c.obj)
 .z_init_PRE_KERNEL_160_0_
                0x0000000000007fd4        0x8 zephyr/drivers/console/libdrivers__console.a(uart_console.c.obj)
                0x0000000000007fdc                __init_PRE_KERNEL_2_start = .
 *(SORT_BY_NAME(SORT_BY_ALIGNMENT(.z_init_PRE_KERNEL_2?_*)))
 .z_init_PRE_KERNEL_20_0_
                0x0000000000007fdc        0x8 zephyr/drivers/timer/libdrivers__timer.a(nrf_rtc_timer.c.obj)
 *(SORT_BY_NAME(SORT_BY_ALIGNMENT(.z_init_PRE_KERNEL_2??_*)))
                0x0000000000007fe4                __init_POST_KERNEL_start = .
 *(SORT_BY_NAME(SORT_BY_ALIGNMENT(.z_init_POST_KERNEL?_*)))
 *(SORT_BY_NAME(SORT_BY_ALIGNMENT(.z_init_POST_KERNEL??_*)))
 .z_init_POST_KERNEL40_0_
                0x0000000000007fe4        0x8 modules/mbedtls/libmbedTLSBase.a(zephyr_init.c.obj)
 .z_init_POST_KERNEL41_00112_
                0x0000000000007fec        0x8 zephyr/drivers/flash/libdrivers__flash.a(nrf_qspi_nor.c.obj)
 .z_init_POST_KERNEL50_00101_
                0x0000000000007ff4        0x8 zephyr/drivers/flash/libdrivers__flash.a(soc_flash_nrf.c.obj)
                0x0000000000007ffc                __init_APPLICATION_start = .
 *(SORT_BY_NAME(SORT_BY_ALIGNMENT(.z_init_APPLICATION?_*)))
 *(SORT_BY_NAME(SORT_BY_ALIGNMENT(.z_init_APPLICATION??_*)))
                0x0000000000007ffc                __init_SMP_start = .
 *(SORT_BY_NAME(SORT_BY_ALIGNMENT(.z_init_SMP?_*)))
 *(SORT_BY_NAME(SORT_BY_ALIGNMENT(.z_init_SMP??_*)))
                0x0000000000007ffc                __init_end = .
                0x0000000000007ffc                __deferred_init_list_start = .
 *(SORT_BY_ALIGNMENT(.z_deferred_init*))
                0x0000000000007ffc                __deferred_init_list_end = .

device_area     0x0000000000007ffc       0x78
                0x0000000000007ffc                _device_list_start = .
 *(SORT_BY_NAME(SORT_BY_ALIGNMENT(._device.static.*_?_*)))
 *(SORT_BY_NAME(SORT_BY_ALIGNMENT(._device.static.*_??_*)))
 ._device.static.1_30_
                0x0000000000007ffc       0x14 zephyr/drivers/clock_control/libdrivers__clock_control.a(clock_control_nrf.c.obj)
                0x0000000000007ffc                __device_dts_ord_59
 ._device.static.1_40_
                0x0000000000008010       0x28 zephyr/drivers/gpio/libdrivers__gpio.a(gpio_nrfx.c.obj)
                0x0000000000008010                __device_dts_ord_70
                0x0000000000008024                __device_dts_ord_13
 ._device.static.1_50_
                0x0000000000008038       0x14 zephyr/drivers/serial/libdrivers__serial.a(uart_nrfx_uarte.c.obj)
                0x0000000000008038                __device_dts_ord_97
 ._device.static.3_41_
                0x000000000000804c       0x14 zephyr/drivers/flash/libdrivers__flash.a(nrf_qspi_nor.c.obj)
                0x000000000000804c                __device_dts_ord_112
 ._device.static.3_50_
                0x0000000000008060       0x14 zephyr/drivers/flash/libdrivers__flash.a(soc_flash_nrf.c.obj)
                0x0000000000008060                __device_dts_ord_101
 *(SORT_BY_NAME(SORT_BY_ALIGNMENT(._device.static.*_???_*)))
 *(SORT_BY_NAME(SORT_BY_ALIGNMENT(._device.static.*_????_*)))
 *(SORT_BY_NAME(SORT_BY_ALIGNMENT(._device.static.*_?????_*)))
                0x0000000000008074                _device_list_end = .

sw_isr_table    0x0000000000008074      0x180
                0x0000000000008074                . = ALIGN (0x4)
 *(SORT_BY_ALIGNMENT(.gnu.linkonce.sw_isr_table*))
 .gnu.linkonce.sw_isr_table
                0x0000000000008074      0x180 zephyr/CMakeFiles/zephyr_final.dir/isr_tables.c.obj
                0x0000000000008074                _sw_isr_table

initlevel_error
                0x0000000000007fac        0x0
 *(SORT_BY_NAME(SORT_BY_ALIGNMENT(.z_init_[_A-Z0-9]*)))
                0x0000000000000001                ASSERT ((SIZEOF (initlevel_error) == 0x0), Undefined initialization levels used.)

app_shmem_regions
                0x00000000000081f4        0x0
                0x00000000000081f4                __app_shmem_regions_start = .
 *(SORT_BY_NAME(SORT_BY_ALIGNMENT(.app_regions.*)))
                0x00000000000081f4                __app_shmem_regions_end = .

k_p4wq_initparam_area
                0x00000000000081f4        0x0
                0x00000000000081f4                _k_p4wq_initparam_list_start = .
 *(SORT_BY_NAME(SORT_BY_ALIGNMENT(._k_p4wq_initparam.static.*)))
                0x00000000000081f4                _k_p4wq_initparam_list_end = .

_static_thread_data_area
                0x00000000000081f4        0x0
                0x00000000000081f4                __static_thread_data_list_start = .
 *(SORT_BY_NAME(SORT_BY_ALIGNMENT(.__static_thread_data.static.*)))
                0x00000000000081f4                __static_thread_data_list_end = .

device_deps     0x00000000000081f4        0x0
                0x00000000000081f4                __device_deps_start = .
 *(SORT_BY_NAME(SORT_BY_ALIGNMENT(.__device_deps_pass2*)))
                0x00000000000081f4                __device_deps_end = .

flash_driver_api_area
                0x00000000000081f4       0x30
                0x00000000000081f4                _flash_driver_api_list_start = .
 *(SORT_BY_NAME(SORT_BY_ALIGNMENT(._flash_driver_api.static.*)))
 ._flash_driver_api.static.flash_nrf_api_
                0x00000000000081f4       0x18 zephyr/drivers/flash/libdrivers__flash.a(soc_flash_nrf.c.obj)
 ._flash_driver_api.static.qspi_nor_api_
                0x000000000000820c       0x18 zephyr/drivers/flash/libdrivers__flash.a(nrf_qspi_nor.c.obj)
                0x0000000000008224                _flash_driver_api_list_end = .

gpio_driver_api_area
                0x0000000000008224       0x24
                0x0000000000008224                _gpio_driver_api_list_start = .
 *(SORT_BY_NAME(SORT_BY_ALIGNMENT(._gpio_driver_api.static.*)))
 ._gpio_driver_api.static.gpio_nrfx_drv_api_funcs_
                0x0000000000008224       0x24 zephyr/drivers/gpio/libdrivers__gpio.a(gpio_nrfx.c.obj)
                0x0000000000008248                _gpio_driver_api_list_end = .

shared_irq_driver_api_area
                0x0000000000008248        0x0
                0x0000000000008248                _shared_irq_driver_api_list_start = .
 *(SORT_BY_NAME(SORT_BY_ALIGNMENT(._shared_irq_driver_api.static.*)))
                0x0000000000008248                _shared_irq_driver_api_list_end = .

crypto_driver_api_area
                0x0000000000008248        0x0
                0x0000000000008248                _crypto_driver_api_list_start = .
 *(SORT_BY_NAME(SORT_BY_ALIGNMENT(._crypto_driver_api.static.*)))
                0x0000000000008248                _crypto_driver_api_list_end = .

adc_driver_api_area
                0x0000000000008248        0x0
                0x0000000000008248                _adc_driver_api_list_start = .
 *(SORT_BY_NAME(SORT_BY_ALIGNMENT(._adc_driver_api.static.*)))
                0x0000000000008248                _adc_driver_api_list_end = .

auxdisplay_driver_api_area
                0x0000000000008248        0x0
                0x0000000000008248                _auxdisplay_driver_api_list_start = .
 *(SORT_BY_NAME(SORT_BY_ALIGNMENT(._auxdisplay_driver_api.static.*)))
                0x0000000000008248                _auxdisplay_driver_api_list_end = .

bbram_driver_api_area
                0x0000000000008248        0x0
                0x0000000000008248                _bbram_driver_api_list_start = .
 *(SORT_BY_NAME(SORT_BY_ALIGNMENT(._bbram_driver_api.static.*)))
                0x0000000000008248                _bbram_driver_api_list_end = .

bt_hci_driver_api_area
                0x0000000000008248        0x0
                0x0000000000008248                _bt_hci_driver_api_list_start = .
 *(SORT_BY_NAME(SORT_BY_ALIGNMENT(._bt_hci_driver_api.static.*)))
                0x0000000000008248                _bt_hci_driver_api_list_end = .

can_driver_api_area
                0x0000000000008248        0x0
                0x0000000000008248                _can_driver_api_list_start = .
 *(SORT_BY_NAME(SORT_BY_ALIGNMENT(._can_driver_api.static.*)))
                0x0000000000008248                _can_driver_api_list_end = .

cellular_driver_api_area
                0x0000000000008248        0x0
                0x0000000000008248                _cellular_driver_api_list_start = .
 *(SORT_BY_NAME(SORT_BY_ALIGNMENT(._cellular_driver_api.static.*)))
                0x0000000000008248                _cellular_driver_api_list_end = .

charger_driver_api_area
                0x0000000000008248        0x0
                0x0000000000008248                _charger_driver_api_list_start = .
 *(SORT_BY_NAME(SORT_BY_ALIGNMENT(._charger_driver_api.static.*)))
                0x0000000000008248                _charger_driver_api_list_end = .

clock_control_driver_api_area
                0x0000000000008248       0x1c
                0x0000000000008248                _clock_control_driver_api_list_start = .
 *(SORT_BY_NAME(SORT_BY_ALIGNMENT(._clock_control_driver_api.static.*)))
 ._clock_control_driver_api.static.clock_control_api_
                0x0000000000008248       0x1c zephyr/drivers/clock_control/libdrivers__clock_control.a(clock_control_nrf.c.obj)
                0x0000000000008264                _clock_control_driver_api_list_end = .

comparator_driver_api_area
                0x0000000000008264        0x0
                0x0000000000008264                _comparator_driver_api_list_start = .
 *(SORT_BY_NAME(SORT_BY_ALIGNMENT(._comparator_driver_api.static.*)))
                0x0000000000008264                _comparator_driver_api_list_end = .

coredump_driver_api_area
                0x0000000000008264        0x0
                0x0000000000008264                _coredump_driver_api_list_start = .
 *(SORT_BY_NAME(SORT_BY_ALIGNMENT(._coredump_driver_api.static.*)))
                0x0000000000008264                _coredump_driver_api_list_end = .

counter_driver_api_area
                0x0000000000008264        0x0
                0x0000000000008264                _counter_driver_api_list_start = .
 *(SORT_BY_NAME(SORT_BY_ALIGNMENT(._counter_driver_api.static.*)))
                0x0000000000008264                _counter_driver_api_list_end = .

dac_driver_api_area
                0x0000000000008264        0x0
                0x0000000000008264                _dac_driver_api_list_start = .
 *(SORT_BY_NAME(SORT_BY_ALIGNMENT(._dac_driver_api.static.*)))
                0x0000000000008264                _dac_driver_api_list_end = .

dai_driver_api_area
                0x0000000000008264        0x0
                0x0000000000008264                _dai_driver_api_list_start = .
 *(SORT_BY_NAME(SORT_BY_ALIGNMENT(._dai_driver_api.static.*)))
                0x0000000000008264                _dai_driver_api_list_end = .

display_driver_api_area
                0x0000000000008264        0x0
                0x0000000000008264                _display_driver_api_list_start = .
 *(SORT_BY_NAME(SORT_BY_ALIGNMENT(._display_driver_api.static.*)))
                0x0000000000008264                _display_driver_api_list_end = .

dma_driver_api_area
                0x0000000000008264        0x0
                0x0000000000008264                _dma_driver_api_list_start = .
 *(SORT_BY_NAME(SORT_BY_ALIGNMENT(._dma_driver_api.static.*)))
                0x0000000000008264                _dma_driver_api_list_end = .

edac_driver_api_area
                0x0000000000008264        0x0
                0x0000000000008264                _edac_driver_api_list_start = .
 *(SORT_BY_NAME(SORT_BY_ALIGNMENT(._edac_driver_api.static.*)))
                0x0000000000008264                _edac_driver_api_list_end = .

eeprom_driver_api_area
                0x0000000000008264        0x0
                0x0000000000008264                _eeprom_driver_api_list_start = .
 *(SORT_BY_NAME(SORT_BY_ALIGNMENT(._eeprom_driver_api.static.*)))
                0x0000000000008264                _eeprom_driver_api_list_end = .

emul_bbram_driver_api_area
                0x0000000000008264        0x0
                0x0000000000008264                _emul_bbram_driver_api_list_start = .
 *(SORT_BY_NAME(SORT_BY_ALIGNMENT(._emul_bbram_driver_api.static.*)))
                0x0000000000008264                _emul_bbram_driver_api_list_end = .

fuel_gauge_emul_driver_api_area
                0x0000000000008264        0x0
                0x0000000000008264                _fuel_gauge_emul_driver_api_list_start = .
 *(SORT_BY_NAME(SORT_BY_ALIGNMENT(._fuel_gauge_emul_driver_api.static.*)))
                0x0000000000008264                _fuel_gauge_emul_driver_api_list_end = .

emul_sensor_driver_api_area
                0x0000000000008264        0x0
                0x0000000000008264                _emul_sensor_driver_api_list_start = .
 *(SORT_BY_NAME(SORT_BY_ALIGNMENT(._emul_sensor_driver_api.static.*)))
                0x0000000000008264                _emul_sensor_driver_api_list_end = .

entropy_driver_api_area
                0x0000000000008264        0x0
                0x0000000000008264                _entropy_driver_api_list_start = .
 *(SORT_BY_NAME(SORT_BY_ALIGNMENT(._entropy_driver_api.static.*)))
                0x0000000000008264                _entropy_driver_api_list_end = .

espi_driver_api_area
                0x0000000000008264        0x0
                0x0000000000008264                _espi_driver_api_list_start = .
 *(SORT_BY_NAME(SORT_BY_ALIGNMENT(._espi_driver_api.static.*)))
                0x0000000000008264                _espi_driver_api_list_end = .

espi_saf_driver_api_area
                0x0000000000008264        0x0
                0x0000000000008264                _espi_saf_driver_api_list_start = .
 *(SORT_BY_NAME(SORT_BY_ALIGNMENT(._espi_saf_driver_api.static.*)))
                0x0000000000008264                _espi_saf_driver_api_list_end = .

fpga_driver_api_area
                0x0000000000008264        0x0
                0x0000000000008264                _fpga_driver_api_list_start = .
 *(SORT_BY_NAME(SORT_BY_ALIGNMENT(._fpga_driver_api.static.*)))
                0x0000000000008264                _fpga_driver_api_list_end = .

fuel_gauge_driver_api_area
                0x0000000000008264        0x0
                0x0000000000008264                _fuel_gauge_driver_api_list_start = .
 *(SORT_BY_NAME(SORT_BY_ALIGNMENT(._fuel_gauge_driver_api.static.*)))
                0x0000000000008264                _fuel_gauge_driver_api_list_end = .

gnss_driver_api_area
                0x0000000000008264        0x0
                0x0000000000008264                _gnss_driver_api_list_start = .
 *(SORT_BY_NAME(SORT_BY_ALIGNMENT(._gnss_driver_api.static.*)))
                0x0000000000008264                _gnss_driver_api_list_end = .

haptics_driver_api_area
                0x0000000000008264        0x0
                0x0000000000008264                _haptics_driver_api_list_start = .
 *(SORT_BY_NAME(SORT_BY_ALIGNMENT(._haptics_driver_api.static.*)))
                0x0000000000008264                _haptics_driver_api_list_end = .

hwspinlock_driver_api_area
                0x0000000000008264        0x0
                0x0000000000008264                _hwspinlock_driver_api_list_start = .
 *(SORT_BY_NAME(SORT_BY_ALIGNMENT(._hwspinlock_driver_api.static.*)))
                0x0000000000008264                _hwspinlock_driver_api_list_end = .

i2c_driver_api_area
                0x0000000000008264        0x0
                0x0000000000008264                _i2c_driver_api_list_start = .
 *(SORT_BY_NAME(SORT_BY_ALIGNMENT(._i2c_driver_api.static.*)))
                0x0000000000008264                _i2c_driver_api_list_end = .

i2c_target_driver_api_area
                0x0000000000008264        0x0
                0x0000000000008264                _i2c_target_driver_api_list_start = .
 *(SORT_BY_NAME(SORT_BY_ALIGNMENT(._i2c_target_driver_api.static.*)))
                0x0000000000008264                _i2c_target_driver_api_list_end = .

i2s_driver_api_area
                0x0000000000008264        0x0
                0x0000000000008264                _i2s_driver_api_list_start = .
 *(SORT_BY_NAME(SORT_BY_ALIGNMENT(._i2s_driver_api.static.*)))
                0x0000000000008264                _i2s_driver_api_list_end = .

i3c_driver_api_area
                0x0000000000008264        0x0
                0x0000000000008264                _i3c_driver_api_list_start = .
 *(SORT_BY_NAME(SORT_BY_ALIGNMENT(._i3c_driver_api.static.*)))
                0x0000000000008264                _i3c_driver_api_list_end = .

ipm_driver_api_area
                0x0000000000008264        0x0
                0x0000000000008264                _ipm_driver_api_list_start = .
 *(SORT_BY_NAME(SORT_BY_ALIGNMENT(._ipm_driver_api.static.*)))
                0x0000000000008264                _ipm_driver_api_list_end = .

kscan_driver_api_area
                0x0000000000008264        0x0
                0x0000000000008264                _kscan_driver_api_list_start = .
 *(SORT_BY_NAME(SORT_BY_ALIGNMENT(._kscan_driver_api.static.*)))
                0x0000000000008264                _kscan_driver_api_list_end = .

led_driver_api_area
                0x0000000000008264        0x0
                0x0000000000008264                _led_driver_api_list_start = .
 *(SORT_BY_NAME(SORT_BY_ALIGNMENT(._led_driver_api.static.*)))
                0x0000000000008264                _led_driver_api_list_end = .

led_strip_driver_api_area
                0x0000000000008264        0x0
                0x0000000000008264                _led_strip_driver_api_list_start = .
 *(SORT_BY_NAME(SORT_BY_ALIGNMENT(._led_strip_driver_api.static.*)))
                0x0000000000008264                _led_strip_driver_api_list_end = .

lora_driver_api_area
                0x0000000000008264        0x0
                0x0000000000008264                _lora_driver_api_list_start = .
 *(SORT_BY_NAME(SORT_BY_ALIGNMENT(._lora_driver_api.static.*)))
                0x0000000000008264                _lora_driver_api_list_end = .

mbox_driver_api_area
                0x0000000000008264        0x0
                0x0000000000008264                _mbox_driver_api_list_start = .
 *(SORT_BY_NAME(SORT_BY_ALIGNMENT(._mbox_driver_api.static.*)))
                0x0000000000008264                _mbox_driver_api_list_end = .

mdio_driver_api_area
                0x0000000000008264        0x0
                0x0000000000008264                _mdio_driver_api_list_start = .
 *(SORT_BY_NAME(SORT_BY_ALIGNMENT(._mdio_driver_api.static.*)))
                0x0000000000008264                _mdio_driver_api_list_end = .

mipi_dbi_driver_api_area
                0x0000000000008264        0x0
                0x0000000000008264                _mipi_dbi_driver_api_list_start = .
 *(SORT_BY_NAME(SORT_BY_ALIGNMENT(._mipi_dbi_driver_api.static.*)))
                0x0000000000008264                _mipi_dbi_driver_api_list_end = .

mipi_dsi_driver_api_area
                0x0000000000008264        0x0
                0x0000000000008264                _mipi_dsi_driver_api_list_start = .
 *(SORT_BY_NAME(SORT_BY_ALIGNMENT(._mipi_dsi_driver_api.static.*)))
                0x0000000000008264                _mipi_dsi_driver_api_list_end = .

mspi_driver_api_area